<html>
<body>
<pre>
<h1>µVision Build Log</h1>
<h2>Tool Versions:</h2>
IDE-Version: ¦ÌVision V5.42.0.0
Copyright (C) 2025 ARM Ltd and ARM Germany GmbH. All rights reserved.
License Information: PF Liu, NJU, LIC=X1E4T-R3NFG-353TX-HYQ2N-M33TL-7ZMCX
 
Tool Versions:
Toolchain:       MDK-ARM Professional  Version: 5.42.0.0
Toolchain Path:  C:\Keil_v5\ARM\ARMCC\Bin
C Compiler:      Armcc.exe V5.06 update 7 (build 960)
Assembler:       Armasm.exe V5.06 update 7 (build 960)
Linker/Locator:  ArmLink.exe V5.06 update 7 (build 960)
Library Manager: ArmAr.exe V5.06 update 7 (build 960)
Hex Converter:   FromElf.exe V5.06 update 7 (build 960)
CPU DLL:         SARMCM3.DLL V5.42.0.0
Dialog DLL:      DCM.DLL V1.17.5.0
Target DLL:      STLink\ST-LINKIII-KEIL_SWO.dll V3.3.0.0
Dialog DLL:      TCM.DLL V1.56.6.0
 
<h2>Project:</h2>
D:\project1\STM32G4_project\PA_20\PA_20\MDK-ARM\PA_2.uvprojx
Project File Date:  07/13/2025

<h2>Output:</h2>
*** Using Compiler 'V5.06 update 7 (build 960)', folder: 'C:\Keil_v5\ARM\ARMCC\Bin'
Rebuild target 'PA_2'
Note: source file '../Drivers/STM32G4xx_HAL_Driver/Src/stm32g4xx_hal_spi.c' - object file renamed from 'PA_2\stm32g4xx_hal_spi.o' to 'PA_2\stm32g4xx_hal_spi_1.o'.
Note: source file '../Drivers/STM32G4xx_HAL_Driver/Src/stm32g4xx_hal_spi_ex.c' - object file renamed from 'PA_2\stm32g4xx_hal_spi_ex.o' to 'PA_2\stm32g4xx_hal_spi_ex_1.o'.
assembling startup_stm32g474xx.s...
compiling stm32g4xx_ll_adc.c...
compiling spi.c...
compiling dma.c...
compiling stm32g4xx_hal.c...
compiling gpio.c...
compiling stm32g4xx_it.c...
compiling stm32g4xx_hal_msp.c...
compiling adc.c...
compiling main.c...
../Core/Src/main.c(513): warning:  #188-D: enumerated type mixed with another type
  	atk_md0240_show_string( 120 ,240, "x:50us/dev",ATK_MD0240_FONT_12 , ATK_MD0240_BROWN  );
../Core/Src/main.c: 1 warning, 0 errors
compiling stm32g4xx_nucleo.c...
compiling tim.c...
compiling stm32g4xx_hal_adc_ex.c...
compiling stm32g4xx_hal_adc.c...
compiling stm32g4xx_hal_exti.c...
compiling stm32g4xx_hal_flash.c...
compiling stm32g4xx_hal_pwr.c...
compiling stm32g4xx_hal_flash_ex.c...
compiling stm32g4xx_hal_cortex.c...
compiling stm32g4xx_hal_dma_ex.c...
compiling stm32g4xx_hal_flash_ramfunc.c...
compiling stm32g4xx_hal_gpio.c...
compiling stm32g4xx_hal_rcc.c...
compiling stm32g4xx_hal_dma.c...
compiling stm32g4xx_hal_pwr_ex.c...
compiling stm32g4xx_hal_rcc_ex.c...
compiling stm32g4xx_hal_uart_ex.c...
compiling atk_md0240_spi.c...
compiling system_stm32g4xx.c...
compiling stm32g4xx_hal_usart_ex.c...
compiling stm32g4xx_hal_usart.c...
compiling stm32g4xx_hal_spi_ex.c...
compiling atk_md0240.c...
compiling stm32g4xx_hal_spi.c...
compiling stm32g4xx_hal_tim_ex.c...
compiling stm32g4xx_hal_uart.c...
compiling stm32g4xx_hal_tim.c...
linking...
Program Size: Code=18352 RO-data=12780 RW-data=40060 ZI-data=23332  
"PA_2\PA_2.axf" - 0 Error(s), 1 Warning(s).

<h2>Software Packages used:</h2>

Package Vendor: ARM
                https://www.keil.com/pack/ARM.CMSIS.6.1.0.pack
                ARM::CMSIS@6.1.0
                CMSIS (Common Microcontroller Software Interface Standard)
   * Component: CORE Version: 6.1.0

Package Vendor: Keil
                https://www.keil.com/pack/Keil.STM32G4xx_DFP.2.0.0.pack
                Keil::STM32G4xx_DFP@2.0.0
                STMicroelectronics STM32G4 Series Device Support

<h2>Collection of Component include folders:</h2>
  ./RTE/_PA_2
  C:/Users/Liu PF/AppData/Local/Arm/Packs/ARM/CMSIS/6.1.0/CMSIS/Core/Include

<h2>Collection of Component Files used:</h2>

   * Component: ARM::CMSIS:CORE@6.1.0
Build Time Elapsed:  00:00:25
</pre>
</body>
</html>
