Component: ARM Compiler 5.06 update 7 (build 960) Tool: armlink [4d3601]

==============================================================================

Section Cross References

    startup_stm32g474xx.o(RESET) refers to startup_stm32g474xx.o(STACK) for __initial_sp
    startup_stm32g474xx.o(RESET) refers to startup_stm32g474xx.o(.text) for Reset_Handler
    startup_stm32g474xx.o(RESET) refers to stm32g4xx_it.o(i.NMI_Handler) for NMI_Handler
    startup_stm32g474xx.o(RESET) refers to stm32g4xx_it.o(i.HardFault_Handler) for HardFault_Handler
    startup_stm32g474xx.o(RESET) refers to stm32g4xx_it.o(i.MemManage_Handler) for MemManage_Handler
    startup_stm32g474xx.o(RESET) refers to stm32g4xx_it.o(i.BusFault_Handler) for BusFault_Handler
    startup_stm32g474xx.o(RESET) refers to stm32g4xx_it.o(i.UsageFault_Handler) for UsageFault_Handler
    startup_stm32g474xx.o(RESET) refers to stm32g4xx_it.o(i.SVC_Handler) for SVC_Handler
    startup_stm32g474xx.o(RESET) refers to stm32g4xx_it.o(i.DebugMon_Handler) for DebugMon_Handler
    startup_stm32g474xx.o(RESET) refers to stm32g4xx_it.o(i.PendSV_Handler) for PendSV_Handler
    startup_stm32g474xx.o(RESET) refers to stm32g4xx_it.o(i.SysTick_Handler) for SysTick_Handler
    startup_stm32g474xx.o(RESET) refers to stm32g4xx_it.o(i.DMA1_Channel1_IRQHandler) for DMA1_Channel1_IRQHandler
    startup_stm32g474xx.o(RESET) refers to stm32g4xx_it.o(i.EXTI15_10_IRQHandler) for EXTI15_10_IRQHandler
    startup_stm32g474xx.o(RESET) refers to stm32g4xx_it.o(i.TIM8_CC_IRQHandler) for TIM8_CC_IRQHandler
    startup_stm32g474xx.o(RESET) refers to stm32g4xx_it.o(i.TIM20_CC_IRQHandler) for TIM20_CC_IRQHandler
    startup_stm32g474xx.o(.text) refers to system_stm32g4xx.o(i.SystemInit) for SystemInit
    startup_stm32g474xx.o(.text) refers to entry.o(.ARM.Collect$$$$00000000) for __main
    main.o(i.ADC_Pause) refers to stm32g4xx_hal_tim.o(i.HAL_TIM_Base_Stop) for HAL_TIM_Base_Stop
    main.o(i.ADC_Pause) refers to stm32g4xx_hal_adc.o(i.HAL_ADC_Stop_DMA) for HAL_ADC_Stop_DMA
    main.o(i.ADC_Pause) refers to tim.o(.bss) for htim1
    main.o(i.ADC_Resume) refers to stm32g4xx_hal_adc.o(i.HAL_ADC_Start_DMA) for HAL_ADC_Start_DMA
    main.o(i.ADC_Resume) refers to stm32g4xx_hal_tim.o(i.HAL_TIM_Base_Start) for HAL_TIM_Base_Start
    main.o(i.ADC_Resume) refers to main.o(.data) for .data
    main.o(i.ADC_Resume) refers to main.o(.bss) for .bss
    main.o(i.ADC_Resume) refers to tim.o(.bss) for htim1
    main.o(i.HAL_ADC_ConvCpltCallback) refers to stm32g4xx_hal_adc.o(i.HAL_ADC_Start_DMA) for HAL_ADC_Start_DMA
    main.o(i.HAL_ADC_ConvCpltCallback) refers to main.o(.data) for .data
    main.o(i.HAL_ADC_ConvCpltCallback) refers to main.o(.bss) for .bss
    main.o(i.HAL_ADC_ConvCpltCallback) refers to adc.o(.bss) for hadc2
    main.o(i.HAL_TIM_OC_DelayElapsedCallback) refers to stm32g4xx_hal_gpio.o(i.HAL_GPIO_WritePin) for HAL_GPIO_WritePin
    main.o(i.HAL_TIM_OC_DelayElapsedCallback) refers to stm32g4xx_nucleo.o(i.BSP_LED_Toggle) for BSP_LED_Toggle
    main.o(i.HAL_UART_TxCpltCallback) refers to main.o(.data) for .data
    main.o(i.SystemClock_Config) refers to memseta.o(.text) for __aeabi_memclr4
    main.o(i.SystemClock_Config) refers to stm32g4xx_hal_pwr_ex.o(i.HAL_PWREx_ControlVoltageScaling) for HAL_PWREx_ControlVoltageScaling
    main.o(i.SystemClock_Config) refers to stm32g4xx_hal_rcc.o(i.HAL_RCC_OscConfig) for HAL_RCC_OscConfig
    main.o(i.SystemClock_Config) refers to stm32g4xx_hal_rcc.o(i.HAL_RCC_ClockConfig) for HAL_RCC_ClockConfig
    main.o(i.draw_axes) refers to atk_md0240.o(i.atk_md0240_draw_line) for atk_md0240_draw_line
    main.o(i.draw_axes) refers to atk_md0240.o(i.atk_md0240_show_string) for atk_md0240_show_string
    main.o(i.float_to_uint8) refers to fminf.o(i.__hardfp_fminf) for __hardfp_fminf
    main.o(i.float_to_uint8) refers to fmaxf.o(i.__hardfp_fmaxf) for __hardfp_fmaxf
    main.o(i.lcd_show_waveform) refers to atk_md0240.o(i.atk_md0240_draw_line) for atk_md0240_draw_line
    main.o(i.lcd_show_waveform) refers to atk_md0240.o(i.atk_md0240_draw_point) for atk_md0240_draw_point
    main.o(i.main) refers to stm32g4xx_hal.o(i.HAL_Init) for HAL_Init
    main.o(i.main) refers to main.o(i.SystemClock_Config) for SystemClock_Config
    main.o(i.main) refers to gpio.o(i.MX_GPIO_Init) for MX_GPIO_Init
    main.o(i.main) refers to dma.o(i.MX_DMA_Init) for MX_DMA_Init
    main.o(i.main) refers to tim.o(i.MX_TIM1_Init) for MX_TIM1_Init
    main.o(i.main) refers to tim.o(i.MX_TIM8_Init) for MX_TIM8_Init
    main.o(i.main) refers to tim.o(i.MX_TIM20_Init) for MX_TIM20_Init
    main.o(i.main) refers to spi.o(i.MX_SPI2_Init) for MX_SPI2_Init
    main.o(i.main) refers to adc.o(i.MX_ADC2_Init) for MX_ADC2_Init
    main.o(i.main) refers to stm32g4xx_hal_adc.o(i.HAL_ADC_Start_DMA) for HAL_ADC_Start_DMA
    main.o(i.main) refers to stm32g4xx_hal_tim.o(i.HAL_TIM_Base_Start) for HAL_TIM_Base_Start
[...]
    ../Drivers/STM32G4xx_HAL_Driver/Src/stm32g4xx_hal_flash_ramfunc.c 0x00000000   Number         0  stm32g4xx_hal_flash_ramfunc.o ABSOLUTE
    ../Drivers/STM32G4xx_HAL_Driver/Src/stm32g4xx_hal_gpio.c 0x00000000   Number         0  stm32g4xx_hal_gpio.o ABSOLUTE
    ../Drivers/STM32G4xx_HAL_Driver/Src/stm32g4xx_hal_pwr.c 0x00000000   Number         0  stm32g4xx_hal_pwr.o ABSOLUTE
    ../Drivers/STM32G4xx_HAL_Driver/Src/stm32g4xx_hal_pwr_ex.c 0x00000000   Number         0  stm32g4xx_hal_pwr_ex.o ABSOLUTE
    ../Drivers/STM32G4xx_HAL_Driver/Src/stm32g4xx_hal_rcc.c 0x00000000   Number         0  stm32g4xx_hal_rcc.o ABSOLUTE
    ../Drivers/STM32G4xx_HAL_Driver/Src/stm32g4xx_hal_rcc_ex.c 0x00000000   Number         0  stm32g4xx_hal_rcc_ex.o ABSOLUTE
    ../Drivers/STM32G4xx_HAL_Driver/Src/stm32g4xx_hal_spi.c 0x00000000   Number         0  stm32g4xx_hal_spi_1.o ABSOLUTE
    ../Drivers/STM32G4xx_HAL_Driver/Src/stm32g4xx_hal_spi_ex.c 0x00000000   Number         0  stm32g4xx_hal_spi_ex_1.o ABSOLUTE
    ../Drivers/STM32G4xx_HAL_Driver/Src/stm32g4xx_hal_tim.c 0x00000000   Number         0  stm32g4xx_hal_tim.o ABSOLUTE
    ../Drivers/STM32G4xx_HAL_Driver/Src/stm32g4xx_hal_tim_ex.c 0x00000000   Number         0  stm32g4xx_hal_tim_ex.o ABSOLUTE
    ../Drivers/STM32G4xx_HAL_Driver/Src/stm32g4xx_hal_uart.c 0x00000000   Number         0  stm32g4xx_hal_uart.o ABSOLUTE
    ../Drivers/STM32G4xx_HAL_Driver/Src/stm32g4xx_hal_uart_ex.c 0x00000000   Number         0  stm32g4xx_hal_uart_ex.o ABSOLUTE
    ../Drivers/STM32G4xx_HAL_Driver/Src/stm32g4xx_hal_usart.c 0x00000000   Number         0  stm32g4xx_hal_usart.o ABSOLUTE
    ../Drivers/STM32G4xx_HAL_Driver/Src/stm32g4xx_hal_usart_ex.c 0x00000000   Number         0  stm32g4xx_hal_usart_ex.o ABSOLUTE
    ../Drivers/STM32G4xx_HAL_Driver/Src/stm32g4xx_ll_adc.c 0x00000000   Number         0  stm32g4xx_ll_adc.o ABSOLUTE
    ../clib/../cmprslib/lz77c.c              0x00000000   Number         0  __dclz77c.o ABSOLUTE
    ../clib/microlib/division.c              0x00000000   Number         0  uldiv.o ABSOLUTE
    ../clib/microlib/init/entry.s            0x00000000   Number         0  entry9a.o ABSOLUTE
    ../clib/microlib/init/entry.s            0x00000000   Number         0  entry8b.o ABSOLUTE
    ../clib/microlib/init/entry.s            0x00000000   Number         0  entry.o ABSOLUTE
    ../clib/microlib/init/entry.s            0x00000000   Number         0  entry7b.o ABSOLUTE
    ../clib/microlib/init/entry.s            0x00000000   Number         0  entry7a.o ABSOLUTE
    ../clib/microlib/init/entry.s            0x00000000   Number         0  entry5.o ABSOLUTE
    ../clib/microlib/init/entry.s            0x00000000   Number         0  entry2.o ABSOLUTE
    ../clib/microlib/init/entry.s            0x00000000   Number         0  entry11a.o ABSOLUTE
    ../clib/microlib/init/entry.s            0x00000000   Number         0  entry12b.o ABSOLUTE
    ../clib/microlib/init/entry.s            0x00000000   Number         0  entry12a.o ABSOLUTE
    ../clib/microlib/init/entry.s            0x00000000   Number         0  entry11b.o ABSOLUTE
    ../clib/microlib/init/entry.s            0x00000000   Number         0  entry10b.o ABSOLUTE
    ../clib/microlib/init/entry.s            0x00000000   Number         0  entry10a.o ABSOLUTE
    ../clib/microlib/init/entry.s            0x00000000   Number         0  entry8a.o ABSOLUTE
    ../clib/microlib/init/entry.s            0x00000000   Number         0  entry9b.o ABSOLUTE
    ../clib/microlib/longlong.c              0x00000000   Number         0  llshl.o ABSOLUTE
    ../clib/microlib/longlong.c              0x00000000   Number         0  llushr.o ABSOLUTE
    ../clib/microlib/string/memset.c         0x00000000   Number         0  memseta.o ABSOLUTE
    ../clib/microlib/stubs.s                 0x00000000   Number         0  iusefp.o ABSOLUTE
    ../fplib/microlib/fpcmp4.c               0x00000000   Number         0  fcmp4.o ABSOLUTE
    ../mathlib/fmax.c                        0x00000000   Number         0  fmaxf.o ABSOLUTE
    ../mathlib/fmax.c                        0x00000000   Number         0  fminf.o ABSOLUTE
    ..\Core\Src\adc.c                        0x00000000   Number         0  adc.o ABSOLUTE
    ..\Core\Src\dma.c                        0x00000000   Number         0  dma.o ABSOLUTE
    ..\Core\Src\gpio.c                       0x00000000   Number         0  gpio.o ABSOLUTE
    ..\Core\Src\main.c                       0x00000000   Number         0  main.o ABSOLUTE
    ..\Core\Src\spi.c                        0x00000000   Number         0  spi.o ABSOLUTE
    ..\Core\Src\stm32g4xx_hal_msp.c          0x00000000   Number         0  stm32g4xx_hal_msp.o ABSOLUTE
    ..\Core\Src\stm32g4xx_it.c               0x00000000   Number         0  stm32g4xx_it.o ABSOLUTE
    ..\Core\Src\system_stm32g4xx.c           0x00000000   Number         0  system_stm32g4xx.o ABSOLUTE
    ..\Core\Src\tim.c                        0x00000000   Number         0  tim.o ABSOLUTE
    ..\Drivers\BSP\STM32G4xx_Nucleo\stm32g4xx_nucleo.c 0x00000000   Number         0  stm32g4xx_nucleo.o ABSOLUTE
    ..\Drivers\STM32G4xx_HAL_Driver\Src\stm32g4xx_hal.c 0x00000000   Number         0  stm32g4xx_hal.o ABSOLUTE
    ..\Drivers\STM32G4xx_HAL_Driver\Src\stm32g4xx_hal_adc.c 0x00000000   Number         0  stm32g4xx_hal_adc.o ABSOLUTE
    ..\Drivers\STM32G4xx_HAL_Driver\Src\stm32g4xx_hal_adc_ex.c 0x00000000   Number         0  stm32g4xx_hal_adc_ex.o ABSOLUTE
    ..\Drivers\STM32G4xx_HAL_Driver\Src\stm32g4xx_hal_cortex.c 0x00000000   Number         0  stm32g4xx_hal_cortex.o ABSOLUTE
    ..\Drivers\STM32G4xx_HAL_Driver\Src\stm32g4xx_hal_dma.c 0x00000000   Number         0  stm32g4xx_hal_dma.o ABSOLUTE
    ..\Drivers\STM32G4xx_HAL_Driver\Src\stm32g4xx_hal_dma_ex.c 0x00000000   Number         0  stm32g4xx_hal_dma_ex.o ABSOLUTE
    ..\Drivers\STM32G4xx_HAL_Driver\Src\stm32g4xx_hal_exti.c 0x00000000   Number         0  stm32g4xx_hal_exti.o ABSOLUTE
    ..\Drivers\STM32G4xx_HAL_Driver\Src\stm32g4xx_hal_flash.c 0x00000000   Number         0  stm32g4xx_hal_flash.o ABSOLUTE
    ..\Drivers\STM32G4xx_HAL_Driver\Src\stm32g4xx_hal_flash_ex.c 0x00000000   Number         0  stm32g4xx_hal_flash_ex.o ABSOLUTE
    ..\Drivers\STM32G4xx_HAL_Driver\Src\stm32g4xx_hal_flash_ramfunc.c 0x00000000   Number         0  stm32g4xx_hal_flash_ramfunc.o ABSOLUTE
    ..\Drivers\STM32G4xx_HAL_Driver\Src\stm32g4xx_hal_gpio.c 0x00000000   Number         0  stm32g4xx_hal_gpio.o ABSOLUTE
    ..\Drivers\STM32G4xx_HAL_Driver\Src\stm32g4xx_hal_pwr.c 0x00000000   Number         0  stm32g4xx_hal_pwr.o ABSOLUTE
    ..\Drivers\STM32G4xx_HAL_Driver\Src\stm32g4xx_hal_pwr_ex.c 0x00000000   Number         0  stm32g4xx_hal_pwr_ex.o ABSOLUTE
    ..\Drivers\STM32G4xx_HAL_Driver\Src\stm32g4xx_hal_rcc.c 0x00000000   Number         0  stm32g4xx_hal_rcc.o ABSOLUTE
    ..\Drivers\STM32G4xx_HAL_Driver\Src\stm32g4xx_hal_rcc_ex.c 0x00000000   Number         0  stm32g4xx_hal_rcc_ex.o ABSOLUTE
    ..\Drivers\STM32G4xx_HAL_Driver\Src\stm32g4xx_hal_spi.c 0x00000000   Number         0  stm32g4xx_hal_spi_1.o ABSOLUTE
    ..\Drivers\STM32G4xx_HAL_Driver\Src\stm32g4xx_hal_spi_ex.c 0x00000000   Number         0  stm32g4xx_hal_spi_ex_1.o ABSOLUTE
    ..\Drivers\STM32G4xx_HAL_Driver\Src\stm32g4xx_hal_tim.c 0x00000000   Number         0  stm32g4xx_hal_tim.o ABSOLUTE
    ..\Drivers\STM32G4xx_HAL_Driver\Src\stm32g4xx_hal_tim_ex.c 0x00000000   Number         0  stm32g4xx_hal_tim_ex.o ABSOLUTE
    ..\Drivers\STM32G4xx_HAL_Driver\Src\stm32g4xx_hal_uart.c 0x00000000   Number         0  stm32g4xx_hal_uart.o ABSOLUTE
    ..\Drivers\STM32G4xx_HAL_Driver\Src\stm32g4xx_hal_uart_ex.c 0x00000000   Number         0  stm32g4xx_hal_uart_ex.o ABSOLUTE
    ..\Drivers\STM32G4xx_HAL_Driver\Src\stm32g4xx_hal_usart.c 0x00000000   Number         0  stm32g4xx_hal_usart.o ABSOLUTE
    ..\Drivers\STM32G4xx_HAL_Driver\Src\stm32g4xx_hal_usart_ex.c 0x00000000   Number         0  stm32g4xx_hal_usart_ex.o ABSOLUTE
    ..\LCD\ATK_MD0240\atk_md0240.c           0x00000000   Number         0  atk_md0240.o ABSOLUTE
    ..\LCD\ATK_MD0240\atk_md0240_spi.c       0x00000000   Number         0  atk_md0240_spi.o ABSOLUTE
    ..\\LCD\\ATK_MD0240\\atk_md0240.c        0x00000000   Number         0  atk_md0240.o ABSOLUTE
    ..\\LCD\\ATK_MD0240\\atk_md0240_spi.c    0x00000000   Number         0  atk_md0240_spi.o ABSOLUTE
    dc.s                                     0x00000000   Number         0  dc.o ABSOLUTE
    handlers.s                               0x00000000   Number         0  handlers.o ABSOLUTE
    init.s                                   0x00000000   Number         0  init.o ABSOLUTE
    startup_stm32g474xx.s                    0x00000000   Number         0  startup_stm32g474xx.o ABSOLUTE
    RESET                                    0x08000000   Section      472  startup_stm32g474xx.o(RESET)
    .ARM.Collect$$$$00000000                 0x080001d8   Section        0  entry.o(.ARM.Collect$$$$00000000)
    .ARM.Collect$$$$00000001                 0x080001d8   Section        4  entry2.o(.ARM.Collect$$$$00000001)
    .ARM.Collect$$$$00000004                 0x080001dc   Section        4  entry5.o(.ARM.Collect$$$$00000004)
    .ARM.Collect$$$$00000008                 0x080001e0   Section        0  entry7b.o(.ARM.Collect$$$$00000008)
    .ARM.Collect$$$$0000000A                 0x080001e0   Section        0  entry8b.o(.ARM.Collect$$$$0000000A)
    .ARM.Collect$$$$0000000B                 0x080001e0   Section        8  entry9a.o(.ARM.Collect$$$$0000000B)
    .ARM.Collect$$$$0000000E                 0x080001e8   Section        4  entry12b.o(.ARM.Collect$$$$0000000E)
    .ARM.Collect$$$$0000000F                 0x080001ec   Section        0  entry10a.o(.ARM.Collect$$$$0000000F)
    .ARM.Collect$$$$00000011                 0x080001ec   Section        0  entry11a.o(.ARM.Collect$$$$00000011)
    .ARM.Collect$$$$00002712                 0x080001ec   Section        4  entry2.o(.ARM.Collect$$$$00002712)
    __lit__00000000                          0x080001ec   Data           4  entry2.o(.ARM.Collect$$$$00002712)
    .text                                    0x080001f0   Section       36  startup_stm32g474xx.o(.text)
    $v0                                      0x080001f0   Number         0  startup_stm32g474xx.o(.text)
    .text                                    0x08000214   Section        0  uldiv.o(.text)
    .text                                    0x08000276   Section        0  memseta.o(.text)
    .text                                    0x0800029a   Section        0  llshl.o(.text)
    .text                                    0x080002b8   Section        0  llushr.o(.text)
    .text                                    0x080002d8   Section       36  init.o(.text)
    .text                                    0x080002fc   Section        0  __dclz77c.o(.text)
    i.ADC_DMAConvCplt                        0x0800035a   Section        0  stm32g4xx_hal_adc.o(i.ADC_DMAConvCplt)
    i.ADC_DMAError                           0x080003c2   Section        0  stm32g4xx_hal_adc.o(i.ADC_DMAError)
    i.ADC_DMAHalfConvCplt                    0x080003dc   Section        0  stm32g4xx_hal_adc.o(i.ADC_DMAHalfConvCplt)
    i.ADC_Enable                             0x080003e8   Section        0  stm32g4xx_hal_adc.o(i.ADC_Enable)
    i.BSP_COM_Init                           0x080004ac   Section        0  stm32g4xx_nucleo.o(i.BSP_COM_Init)
    i.BSP_LED_Init                           0x080004e8   Section        0  stm32g4xx_nucleo.o(i.BSP_LED_Init)
    i.BSP_LED_Toggle                         0x08000540   Section        0  stm32g4xx_nucleo.o(i.BSP_LED_Toggle)
    i.BSP_PB_Callback                        0x08000560   Section        0  stm32g4xx_nucleo.o(i.BSP_PB_Callback)
    i.BSP_PB_IRQHandler                      0x08000564   Section        0  stm32g4xx_nucleo.o(i.BSP_PB_IRQHandler)
    i.BSP_PB_Init                            0x08000574   Section        0  stm32g4xx_nucleo.o(i.BSP_PB_Init)
    i.BUTTON_USER_EXTI_Callback              0x0800060c   Section        0  stm32g4xx_nucleo.o(i.BUTTON_USER_EXTI_Callback)
    BUTTON_USER_EXTI_Callback                0x0800060d   Thumb Code    10  stm32g4xx_nucleo.o(i.BUTTON_USER_EXTI_Callback)
    i.BusFault_Handler                       0x08000616   Section        0  stm32g4xx_it.o(i.BusFault_Handler)
    i.COM1_MspInit                           0x08000618   Section        0  stm32g4xx_nucleo.o(i.COM1_MspInit)
    COM1_MspInit                             0x08000619   Thumb Code   104  stm32g4xx_nucleo.o(i.COM1_MspInit)
    i.DMA1_Channel1_IRQHandler               0x08000684   Section        0  stm32g4xx_it.o(i.DMA1_Channel1_IRQHandler)
    i.DMA_CalcDMAMUXChannelBaseAndMask       0x08000690   Section        0  stm32g4xx_hal_dma.o(i.DMA_CalcDMAMUXChannelBaseAndMask)
    DMA_CalcDMAMUXChannelBaseAndMask         0x08000691   Thumb Code    54  stm32g4xx_hal_dma.o(i.DMA_CalcDMAMUXChannelBaseAndMask)
    i.DMA_CalcDMAMUXRequestGenBaseAndMask    0x080006d0   Section        0  stm32g4xx_hal_dma.o(i.DMA_CalcDMAMUXRequestGenBaseAndMask)
    DMA_CalcDMAMUXRequestGenBaseAndMask      0x080006d1   Thumb Code    30  stm32g4xx_hal_dma.o(i.DMA_CalcDMAMUXRequestGenBaseAndMask)
    i.DMA_SetConfig                          0x080006f4   Section        0  stm32g4xx_hal_dma.o(i.DMA_SetConfig)
    DMA_SetConfig                            0x080006f5   Thumb Code    62  stm32g4xx_hal_dma.o(i.DMA_SetConfig)
    i.DebugMon_Handler                       0x08000732   Section        0  stm32g4xx_it.o(i.DebugMon_Handler)
    i.EXTI15_10_IRQHandler                   0x08000734   Section        0  stm32g4xx_it.o(i.EXTI15_10_IRQHandler)
    i.Error_Handler                          0x0800073a   Section        0  main.o(i.Error_Handler)
    i.HAL_ADC_ConvCpltCallback               0x08000740   Section        0  main.o(i.HAL_ADC_ConvCpltCallback)
    i.HAL_ADC_ConvHalfCpltCallback           0x08000788   Section        0  stm32g4xx_hal_adc.o(i.HAL_ADC_ConvHalfCpltCallback)
    i.HAL_ADC_ErrorCallback                  0x0800078a   Section        0  stm32g4xx_hal_adc.o(i.HAL_ADC_ErrorCallback)
    i.HAL_ADC_Init                           0x0800078c   Section        0  stm32g4xx_hal_adc.o(i.HAL_ADC_Init)
    i.HAL_ADC_MspInit                        0x080009bc   Section        0  adc.o(i.HAL_ADC_MspInit)
    i.HAL_ADC_Start_DMA                      0x08000a6c   Section        0  stm32g4xx_hal_adc.o(i.HAL_ADC_Start_DMA)
    i.HAL_DMA_IRQHandler                     0x08000b98   Section        0  stm32g4xx_hal_dma.o(i.HAL_DMA_IRQHandler)
    i.HAL_DMA_Init                           0x08000c54   Section        0  stm32g4xx_hal_dma.o(i.HAL_DMA_Init)
    i.HAL_DMA_Start_IT                       0x08000d14   Section        0  stm32g4xx_hal_dma.o(i.HAL_DMA_Start_IT)
    i.HAL_Delay                              0x08000da0   Section        0  stm32g4xx_hal.o(i.HAL_Delay)
    i.HAL_EXTI_GetHandle                     0x08000dc4   Section        0  stm32g4xx_hal_exti.o(i.HAL_EXTI_GetHandle)
    i.HAL_EXTI_IRQHandler                    0x08000dd0   Section        0  stm32g4xx_hal_exti.o(i.HAL_EXTI_IRQHandler)
    i.HAL_EXTI_RegisterCallback              0x08000dfc   Section        0  stm32g4xx_hal_exti.o(i.HAL_EXTI_RegisterCallback)
    i.HAL_GPIO_Init                          0x08000e0c   Section        0  stm32g4xx_hal_gpio.o(i.HAL_GPIO_Init)
    i.HAL_GPIO_TogglePin                     0x08001054   Section        0  stm32g4xx_hal_gpio.o(i.HAL_GPIO_TogglePin)
    i.HAL_GPIO_WritePin                      0x08001064   Section        0  stm32g4xx_hal_gpio.o(i.HAL_GPIO_WritePin)
    i.HAL_GetTick                            0x08001070   Section        0  stm32g4xx_hal.o(i.HAL_GetTick)
    i.HAL_IncTick                            0x0800107c   Section        0  stm32g4xx_hal.o(i.HAL_IncTick)
    i.HAL_Init                               0x0800108c   Section        0  stm32g4xx_hal.o(i.HAL_Init)
    i.HAL_InitTick                           0x080010ac   Section        0  stm32g4xx_hal.o(i.HAL_InitTick)
    i.HAL_MspInit                            0x080010f0   Section        0  stm32g4xx_hal_msp.o(i.HAL_MspInit)
    i.HAL_NVIC_EnableIRQ                     0x08001120   Section        0  stm32g4xx_hal_cortex.o(i.HAL_NVIC_EnableIRQ)
    i.HAL_NVIC_SetPriority                   0x0800113c   Section        0  stm32g4xx_hal_cortex.o(i.HAL_NVIC_SetPriority)
    i.HAL_NVIC_SetPriorityGrouping           0x0800117c   Section        0  stm32g4xx_hal_cortex.o(i.HAL_NVIC_SetPriorityGrouping)
    i.HAL_PWREx_ControlVoltageScaling        0x080011a0   Section        0  stm32g4xx_hal_pwr_ex.o(i.HAL_PWREx_ControlVoltageScaling)
    i.HAL_PWREx_DisableUCPDDeadBattery       0x0800125c   Section        0  stm32g4xx_hal_pwr_ex.o(i.HAL_PWREx_DisableUCPDDeadBattery)
    i.HAL_RCCEx_PeriphCLKConfig              0x0800126c   Section        0  stm32g4xx_hal_rcc_ex.o(i.HAL_RCCEx_PeriphCLKConfig)
    i.HAL_RCC_ClockConfig                    0x0800156c   Section        0  stm32g4xx_hal_rcc.o(i.HAL_RCC_ClockConfig)
    i.HAL_RCC_GetPCLK1Freq                   0x08001748   Section        0  stm32g4xx_hal_rcc.o(i.HAL_RCC_GetPCLK1Freq)
    i.HAL_RCC_GetPCLK2Freq                   0x0800176c   Section        0  stm32g4xx_hal_rcc.o(i.HAL_RCC_GetPCLK2Freq)
    i.HAL_RCC_GetSysClockFreq                0x08001790   Section        0  stm32g4xx_hal_rcc.o(i.HAL_RCC_GetSysClockFreq)
    i.HAL_RCC_OscConfig                      0x08001800   Section        0  stm32g4xx_hal_rcc.o(i.HAL_RCC_OscConfig)
    i.HAL_SPI_Init                           0x08001c04   Section        0  stm32g4xx_hal_spi_1.o(i.HAL_SPI_Init)
    i.HAL_SPI_MspInit                        0x08001cf0   Section        0  spi.o(i.HAL_SPI_MspInit)
    i.HAL_SPI_Transmit                       0x08001d58   Section        0  stm32g4xx_hal_spi_1.o(i.HAL_SPI_Transmit)
    i.HAL_SYSTICK_Config                     0x08001ee6   Section        0  stm32g4xx_hal_cortex.o(i.HAL_SYSTICK_Config)
    i.HAL_TIMEx_Break2Callback               0x08001f0e   Section        0  stm32g4xx_hal_tim_ex.o(i.HAL_TIMEx_Break2Callback)
    i.HAL_TIMEx_BreakCallback                0x08001f10   Section        0  stm32g4xx_hal_tim_ex.o(i.HAL_TIMEx_BreakCallback)
    i.HAL_TIMEx_CommutCallback               0x08001f12   Section        0  stm32g4xx_hal_tim_ex.o(i.HAL_TIMEx_CommutCallback)
    i.HAL_TIMEx_ConfigBreakDeadTime          0x08001f14   Section        0  stm32g4xx_hal_tim_ex.o(i.HAL_TIMEx_ConfigBreakDeadTime)
    i.HAL_TIMEx_DirectionChangeCallback      0x08001fbc   Section        0  stm32g4xx_hal_tim_ex.o(i.HAL_TIMEx_DirectionChangeCallback)
    i.HAL_TIMEx_EncoderIndexCallback         0x08001fbe   Section        0  stm32g4xx_hal_tim_ex.o(i.HAL_TIMEx_EncoderIndexCallback)
    i.HAL_TIMEx_IndexErrorCallback           0x08001fc0   Section        0  stm32g4xx_hal_tim_ex.o(i.HAL_TIMEx_IndexErrorCallback)
    i.HAL_TIMEx_MasterConfigSynchronization  0x08001fc4   Section        0  stm32g4xx_hal_tim_ex.o(i.HAL_TIMEx_MasterConfigSynchronization)
    i.HAL_TIMEx_TransitionErrorCallback      0x0800207c   Section        0  stm32g4xx_hal_tim_ex.o(i.HAL_TIMEx_TransitionErrorCallback)
    i.HAL_TIM_Base_Init                      0x0800207e   Section        0  stm32g4xx_hal_tim.o(i.HAL_TIM_Base_Init)
    i.HAL_TIM_Base_MspInit                   0x080020e0   Section        0  tim.o(i.HAL_TIM_Base_MspInit)
    i.HAL_TIM_Base_Start                     0x0800215c   Section        0  stm32g4xx_hal_tim.o(i.HAL_TIM_Base_Start)
    i.HAL_TIM_ConfigClockSource              0x080021dc   Section        0  stm32g4xx_hal_tim.o(i.HAL_TIM_ConfigClockSource)
    i.HAL_TIM_IC_CaptureCallback             0x080022cc   Section        0  stm32g4xx_hal_tim.o(i.HAL_TIM_IC_CaptureCallback)
    i.HAL_TIM_IRQHandler                     0x080022ce   Section        0  stm32g4xx_hal_tim.o(i.HAL_TIM_IRQHandler)
    i.HAL_TIM_MspPostInit                    0x08002470   Section        0  tim.o(i.HAL_TIM_MspPostInit)
    i.HAL_TIM_OC_ConfigChannel               0x080024c4   Section        0  stm32g4xx_hal_tim.o(i.HAL_TIM_OC_ConfigChannel)
    i.HAL_TIM_OC_DelayElapsedCallback        0x08002534   Section        0  main.o(i.HAL_TIM_OC_DelayElapsedCallback)
    i.HAL_TIM_OC_Init                        0x08002574   Section        0  stm32g4xx_hal_tim.o(i.HAL_TIM_OC_Init)
    i.HAL_TIM_OC_MspInit                     0x080025d6   Section        0  stm32g4xx_hal_tim.o(i.HAL_TIM_OC_MspInit)
    i.HAL_TIM_OC_Start_IT                    0x080025d8   Section        0  stm32g4xx_hal_tim.o(i.HAL_TIM_OC_Start_IT)
    i.HAL_TIM_PWM_ConfigChannel              0x08002718   Section        0  stm32g4xx_hal_tim.o(i.HAL_TIM_PWM_ConfigChannel)
    i.HAL_TIM_PWM_Init                       0x0800283c   Section        0  stm32g4xx_hal_tim.o(i.HAL_TIM_PWM_Init)
    i.HAL_TIM_PWM_MspInit                    0x0800289e   Section        0  stm32g4xx_hal_tim.o(i.HAL_TIM_PWM_MspInit)
    i.HAL_TIM_PWM_PulseFinishedCallback      0x080028a0   Section        0  stm32g4xx_hal_tim.o(i.HAL_TIM_PWM_PulseFinishedCallback)
    i.HAL_TIM_PWM_Start                      0x080028a4   Section        0  stm32g4xx_hal_tim.o(i.HAL_TIM_PWM_Start)
    i.HAL_TIM_PeriodElapsedCallback          0x080029b8   Section        0  stm32g4xx_hal_tim.o(i.HAL_TIM_PeriodElapsedCallback)
    i.HAL_TIM_TriggerCallback                0x080029ba   Section        0  stm32g4xx_hal_tim.o(i.HAL_TIM_TriggerCallback)
    i.HAL_UART_Init                          0x080029bc   Section        0  stm32g4xx_hal_uart.o(i.HAL_UART_Init)
    i.HAL_UART_MspInit                       0x08002a26   Section        0  stm32g4xx_hal_uart.o(i.HAL_UART_MspInit)
    i.HardFault_Handler                      0x08002a28   Section        0  stm32g4xx_it.o(i.HardFault_Handler)
    i.LL_ADC_INJ_IsConversionOngoing         0x08002a2a   Section        0  stm32g4xx_hal_adc.o(i.LL_ADC_INJ_IsConversionOngoing)
    LL_ADC_INJ_IsConversionOngoing           0x08002a2b   Thumb Code     8  stm32g4xx_hal_adc.o(i.LL_ADC_INJ_IsConversionOngoing)
    i.LL_ADC_REG_IsConversionOngoing         0x08002a32   Section        0  stm32g4xx_hal_adc.o(i.LL_ADC_REG_IsConversionOngoing)
    LL_ADC_REG_IsConversionOngoing           0x08002a33   Thumb Code     8  stm32g4xx_hal_adc.o(i.LL_ADC_REG_IsConversionOngoing)
    i.LL_ADC_REG_IsTriggerSourceSWStart      0x08002a3a   Section        0  stm32g4xx_hal_adc.o(i.LL_ADC_REG_IsTriggerSourceSWStart)
    LL_ADC_REG_IsTriggerSourceSWStart        0x08002a3b   Thumb Code    16  stm32g4xx_hal_adc.o(i.LL_ADC_REG_IsTriggerSourceSWStart)
    i.MX_ADC2_Init                           0x08002a4c   Section        0  adc.o(i.MX_ADC2_Init)
    i.MX_DMA_Init                            0x08002a98   Section        0  dma.o(i.MX_DMA_Init)
    i.MX_GPIO_Init                           0x08002ad4   Section        0  gpio.o(i.MX_GPIO_Init)
    i.MX_LPUART1_Init                        0x08002be8   Section        0  stm32g4xx_nucleo.o(i.MX_LPUART1_Init)
    i.MX_SPI2_Init                           0x08002c14   Section        0  spi.o(i.MX_SPI2_Init)
    i.MX_TIM1_Init                           0x08002c64   Section        0  tim.o(i.MX_TIM1_Init)
    i.MX_TIM20_Init                          0x08002cd0   Section        0  tim.o(i.MX_TIM20_Init)
    i.MX_TIM8_Init                           0x08002e10   Section        0  tim.o(i.MX_TIM8_Init)
    i.MemManage_Handler                      0x08002f00   Section        0  stm32g4xx_it.o(i.MemManage_Handler)
    i.NMI_Handler                            0x08002f02   Section        0  stm32g4xx_it.o(i.NMI_Handler)
    i.PendSV_Handler                         0x08002f04   Section        0  stm32g4xx_it.o(i.PendSV_Handler)
    i.SPI_EndRxTxTransaction                 0x08002f06   Section        0  stm32g4xx_hal_spi_1.o(i.SPI_EndRxTxTransaction)
    SPI_EndRxTxTransaction                   0x08002f07   Thumb Code    72  stm32g4xx_hal_spi_1.o(i.SPI_EndRxTxTransaction)
    i.SPI_WaitFifoStateUntilTimeout          0x08002f50   Section        0  stm32g4xx_hal_spi_1.o(i.SPI_WaitFifoStateUntilTimeout)
    SPI_WaitFifoStateUntilTimeout            0x08002f51   Thumb Code   218  stm32g4xx_hal_spi_1.o(i.SPI_WaitFifoStateUntilTimeout)
    i.SPI_WaitFlagStateUntilTimeout          0x08003030   Section        0  stm32g4xx_hal_spi_1.o(i.SPI_WaitFlagStateUntilTimeout)
    SPI_WaitFlagStateUntilTimeout            0x08003031   Thumb Code   180  stm32g4xx_hal_spi_1.o(i.SPI_WaitFlagStateUntilTimeout)
    i.SVC_Handler                            0x080030e8   Section        0  stm32g4xx_it.o(i.SVC_Handler)
    i.SysTick_Handler                        0x080030ea   Section        0  stm32g4xx_it.o(i.SysTick_Handler)
    i.SystemClock_Config                     0x080030ee   Section        0  main.o(i.SystemClock_Config)
    i.SystemInit                             0x08003158   Section        0  system_stm32g4xx.o(i.SystemInit)
    i.TIM20_CC_IRQHandler                    0x08003168   Section        0  stm32g4xx_it.o(i.TIM20_CC_IRQHandler)
    i.TIM8_CC_IRQHandler                     0x08003174   Section        0  stm32g4xx_it.o(i.TIM8_CC_IRQHandler)
    i.TIM_Base_SetConfig                     0x08003180   Section        0  stm32g4xx_hal_tim.o(i.TIM_Base_SetConfig)
    i.TIM_CCxChannelCmd                      0x08003264   Section        0  stm32g4xx_hal_tim.o(i.TIM_CCxChannelCmd)
    i.TIM_ETR_SetConfig                      0x0800327e   Section        0  stm32g4xx_hal_tim.o(i.TIM_ETR_SetConfig)
    i.TIM_ITRx_SetConfig                     0x08003294   Section        0  stm32g4xx_hal_tim.o(i.TIM_ITRx_SetConfig)
    TIM_ITRx_SetConfig                       0x08003295   Thumb Code    16  stm32g4xx_hal_tim.o(i.TIM_ITRx_SetConfig)
    i.TIM_OC1_SetConfig                      0x080032a8   Section        0  stm32g4xx_hal_tim.o(i.TIM_OC1_SetConfig)
    TIM_OC1_SetConfig                        0x080032a9   Thumb Code   144  stm32g4xx_hal_tim.o(i.TIM_OC1_SetConfig)
    i.TIM_OC2_SetConfig                      0x08003354   Section        0  stm32g4xx_hal_tim.o(i.TIM_OC2_SetConfig)
    i.TIM_OC3_SetConfig                      0x080033f4   Section        0  stm32g4xx_hal_tim.o(i.TIM_OC3_SetConfig)
    TIM_OC3_SetConfig                        0x080033f5   Thumb Code   130  stm32g4xx_hal_tim.o(i.TIM_OC3_SetConfig)
    i.TIM_OC4_SetConfig                      0x08003494   Section        0  stm32g4xx_hal_tim.o(i.TIM_OC4_SetConfig)
    TIM_OC4_SetConfig                        0x08003495   Thumb Code   132  stm32g4xx_hal_tim.o(i.TIM_OC4_SetConfig)
    i.TIM_OC5_SetConfig                      0x08003534   Section        0  stm32g4xx_hal_tim.o(i.TIM_OC5_SetConfig)
    TIM_OC5_SetConfig                        0x08003535   Thumb Code    92  stm32g4xx_hal_tim.o(i.TIM_OC5_SetConfig)
    i.TIM_OC6_SetConfig                      0x080035ac   Section        0  stm32g4xx_hal_tim.o(i.TIM_OC6_SetConfig)
    TIM_OC6_SetConfig                        0x080035ad   Thumb Code    94  stm32g4xx_hal_tim.o(i.TIM_OC6_SetConfig)
    i.TIM_TI1_ConfigInputStage               0x08003628   Section        0  stm32g4xx_hal_tim.o(i.TIM_TI1_ConfigInputStage)
    TIM_TI1_ConfigInputStage                 0x08003629   Thumb Code    34  stm32g4xx_hal_tim.o(i.TIM_TI1_ConfigInputStage)
    i.TIM_TI2_ConfigInputStage               0x0800364a   Section        0  stm32g4xx_hal_tim.o(i.TIM_TI2_ConfigInputStage)
    TIM_TI2_ConfigInputStage                 0x0800364b   Thumb Code    36  stm32g4xx_hal_tim.o(i.TIM_TI2_ConfigInputStage)
    i.UART_AdvFeatureConfig                  0x0800366e   Section        0  stm32g4xx_hal_uart.o(i.UART_AdvFeatureConfig)
    i.UART_CheckIdleState                    0x08003736   Section        0  stm32g4xx_hal_uart.o(i.UART_CheckIdleState)
    i.UART_EndRxTransfer                     0x080037e4   Section        0  stm32g4xx_hal_uart.o(i.UART_EndRxTransfer)
    UART_EndRxTransfer                       0x080037e5   Thumb Code    78  stm32g4xx_hal_uart.o(i.UART_EndRxTransfer)
    i.UART_SetConfig                         0x08003838   Section        0  stm32g4xx_hal_uart.o(i.UART_SetConfig)
    i.UART_WaitOnFlagUntilTimeout            0x08003ad0   Section        0  stm32g4xx_hal_uart.o(i.UART_WaitOnFlagUntilTimeout)
    i.UsageFault_Handler                     0x08003b64   Section        0  stm32g4xx_it.o(i.UsageFault_Handler)
    i.__NVIC_SetPriority                     0x08003b66   Section        0  stm32g4xx_hal_cortex.o(i.__NVIC_SetPriority)
    __NVIC_SetPriority                       0x08003b67   Thumb Code    32  stm32g4xx_hal_cortex.o(i.__NVIC_SetPriority)
    i.__scatterload_copy                     0x08003b86   Section       14  handlers.o(i.__scatterload_copy)
    i.__scatterload_null                     0x08003b94   Section        2  handlers.o(i.__scatterload_null)
    i.__scatterload_zeroinit                 0x08003b96   Section       14  handlers.o(i.__scatterload_zeroinit)
    i.atk_md0240_clear                       0x08003ba4   Section        0  atk_md0240.o(i.atk_md0240_clear)
    i.atk_md0240_display_on                  0x08003bb8   Section        0  atk_md0240.o(i.atk_md0240_display_on)
    i.atk_md0240_draw_line                   0x08003bc8   Section        0  atk_md0240.o(i.atk_md0240_draw_line)
    i.atk_md0240_draw_point                  0x08003c60   Section        0  atk_md0240.o(i.atk_md0240_draw_point)
    i.atk_md0240_fill                        0x08003c90   Section        0  atk_md0240.o(i.atk_md0240_fill)
    i.atk_md0240_init                        0x08003d0c   Section        0  atk_md0240.o(i.atk_md0240_init)
    i.atk_md0240_reg_init                    0x08003d6c   Section        0  atk_md0240.o(i.atk_md0240_reg_init)
    atk_md0240_reg_init                      0x08003d6d   Thumb Code   372  atk_md0240.o(i.atk_md0240_reg_init)
    i.atk_md0240_set_address                 0x08003ee0   Section        0  atk_md0240.o(i.atk_md0240_set_address)
    i.atk_md0240_show_char                   0x08003f34   Section        0  atk_md0240.o(i.atk_md0240_show_char)
    i.atk_md0240_show_pic                    0x08004010   Section        0  atk_md0240.o(i.atk_md0240_show_pic)
    i.atk_md0240_show_string                 0x08004058   Section        0  atk_md0240.o(i.atk_md0240_show_string)
    i.atk_md0240_spi_init                    0x080040d4   Section        0  atk_md0240_spi.o(i.atk_md0240_spi_init)
    i.atk_md0240_spi_send                    0x080040d8   Section        0  atk_md0240_spi.o(i.atk_md0240_spi_send)
    i.atk_md0240_write_cmd                   0x080040ec   Section        0  atk_md0240.o(i.atk_md0240_write_cmd)
    atk_md0240_write_cmd                     0x080040ed   Thumb Code    24  atk_md0240.o(i.atk_md0240_write_cmd)
    i.atk_md0240_write_dat                   0x08004108   Section        0  atk_md0240.o(i.atk_md0240_write_dat)
    atk_md0240_write_dat                     0x08004109   Thumb Code    22  atk_md0240.o(i.atk_md0240_write_dat)
    i.draw_axes                              0x08004124   Section        0  main.o(i.draw_axes)
    i.lcd_show_waveform                      0x080041c8   Section        0  main.o(i.lcd_show_waveform)
    i.main                                   0x08004318   Section        0  main.o(i.main)
    i.update_gpio_output                     0x08004484   Section        0  main.o(i.update_gpio_output)
    .constdata                               0x080044b0   Section       56  main.o(.constdata)
    .constdata                               0x080044e8   Section       12  stm32g4xx_nucleo.o(.constdata)
    BUTTON_IRQn                              0x080044e8   Data           1  stm32g4xx_nucleo.o(.constdata)
    LED_PIN                                  0x080044ea   Data           2  stm32g4xx_nucleo.o(.constdata)
    BUTTON_PIN                               0x080044ec   Data           2  stm32g4xx_nucleo.o(.constdata)
    BUTTON_EXTI_LINE                         0x080044f0   Data           4  stm32g4xx_nucleo.o(.constdata)
    .constdata                               0x080044f4   Section       24  stm32g4xx_hal_uart.o(.constdata)
    .constdata                               0x0800450c   Section       16  system_stm32g4xx.o(.constdata)
    .constdata                               0x0800451c   Section        8  system_stm32g4xx.o(.constdata)
    .constdata                               0x08004524   Section    12160  atk_md0240.o(.constdata)
    .data                                    0x20000000   Section    40012  main.o(.data)
    .data                                    0x20009c4c   Section       32  stm32g4xx_nucleo.o(.data)
    COM_ActiveLogPort                        0x20009c4c   Data           1  stm32g4xx_nucleo.o(.data)
    LED_PORT                                 0x20009c50   Data           4  stm32g4xx_nucleo.o(.data)
    BUTTON_PORT                              0x20009c54   Data           4  stm32g4xx_nucleo.o(.data)
    COM_USART                                0x20009c58   Data           4  stm32g4xx_nucleo.o(.data)
    ButtonCallback                           0x20009c5c   Data           4  stm32g4xx_nucleo.o(.data)
    BSP_BUTTON_PRIO                          0x20009c60   Data           4  stm32g4xx_nucleo.o(.data)
    .data                                    0x20009c6c   Section       12  stm32g4xx_hal.o(.data)
    .data                                    0x20009c78   Section        4  system_stm32g4xx.o(.data)
    .bss                                     0x20009c7c   Section     6268  main.o(.bss)
    .bss                                     0x2000b4f8   Section      204  adc.o(.bss)
    .bss                                     0x2000b5c4   Section      100  spi.o(.bss)
    .bss                                     0x2000b628   Section      228  tim.o(.bss)
    .bss                                     0x2000b70c   Section      148  stm32g4xx_nucleo.o(.bss)
    .bss                                     0x2000b7a0   Section    15360  atk_md0240.o(.bss)
    g_atk_md0240_lcd_buf                     0x2000b7a0   Data       15360  atk_md0240.o(.bss)
    STACK                                    0x2000f3a0   Section     1024  startup_stm32g474xx.o(STACK)

    Global Symbols

    Symbol Name                              Value     Ov Type        Size  Object(Section)

    BuildAttributes$$THM_ISAv4$E$P$D$K$B$S$7EM$VFPi3$EXTD16$VFPS$VFMA$PE$A:L22UL41UL21$X:L11$S22US41US21$IEEE1$IW$USESV6$~STKCKD$USESV7$~SHL$OTIME$ROPI$IEEEJ$EBA8$MICROLIB$REQ8$PRES8$EABIv2 0x00000000   Number         0  anon$$obj.o ABSOLUTE
    __ARM_use_no_argv                        0x00000000   Number         0  main.o ABSOLUTE
    __arm_fini_                               - Undefined Weak Reference
    __cpp_initialize__aeabi_                  - Undefined Weak Reference
    __cxa_finalize                            - Undefined Weak Reference
    _clock_init                               - Undefined Weak Reference
    _microlib_exit                            - Undefined Weak Reference
    __Vectors_Size                           0x000001d8   Number         0  startup_stm32g474xx.o ABSOLUTE
    __Vectors                                0x08000000   Data           4  startup_stm32g474xx.o(RESET)
    __Vectors_End                            0x080001d8   Data           0  startup_stm32g474xx.o(RESET)
    __main                                   0x080001d9   Thumb Code     0  entry.o(.ARM.Collect$$$$00000000)
    _main_stk                                0x080001d9   Thumb Code     0  entry2.o(.ARM.Collect$$$$00000001)
    _main_scatterload                        0x080001dd   Thumb Code     0  entry5.o(.ARM.Collect$$$$00000004)
    __main_after_scatterload                 0x080001e1   Thumb Code     0  entry5.o(.ARM.Collect$$$$00000004)
    _main_clock                              0x080001e1   Thumb Code     0  entry7b.o(.ARM.Collect$$$$00000008)
    _main_cpp_init                           0x080001e1   Thumb Code     0  entry8b.o(.ARM.Collect$$$$0000000A)
    _main_init                               0x080001e1   Thumb Code     0  entry9a.o(.ARM.Collect$$$$0000000B)
    __rt_lib_shutdown_fini                   0x080001e9   Thumb Code     0  entry12b.o(.ARM.Collect$$$$0000000E)
    __rt_final_cpp                           0x080001ed   Thumb Code     0  entry10a.o(.ARM.Collect$$$$0000000F)
    __rt_final_exit                          0x080001ed   Thumb Code     0  entry11a.o(.ARM.Collect$$$$00000011)
    Reset_Handler                            0x080001f1   Thumb Code     8  startup_stm32g474xx.o(.text)
    ADC1_2_IRQHandler                        0x0800020b   Thumb Code     0  startup_stm32g474xx.o(.text)
    ADC3_IRQHandler                          0x0800020b   Thumb Code     0  startup_stm32g474xx.o(.text)
    ADC4_IRQHandler                          0x0800020b   Thumb Code     0  startup_stm32g474xx.o(.text)
    ADC5_IRQHandler                          0x0800020b   Thumb Code     0  startup_stm32g474xx.o(.text)
    COMP1_2_3_IRQHandler                     0x0800020b   Thumb Code     0  startup_stm32g474xx.o(.text)
    COMP4_5_6_IRQHandler                     0x0800020b   Thumb Code     0  startup_stm32g474xx.o(.text)
    COMP7_IRQHandler                         0x0800020b   Thumb Code     0  startup_stm32g474xx.o(.text)
    CORDIC_IRQHandler                        0x0800020b   Thumb Code     0  startup_stm32g474xx.o(.text)
    CRS_IRQHandler                           0x0800020b   Thumb Code     0  startup_stm32g474xx.o(.text)
    DMA1_Channel2_IRQHandler                 0x0800020b   Thumb Code     0  startup_stm32g474xx.o(.text)
    DMA1_Channel3_IRQHandler                 0x0800020b   Thumb Code     0  startup_stm32g474xx.o(.text)
    DMA1_Channel4_IRQHandler                 0x0800020b   Thumb Code     0  startup_stm32g474xx.o(.text)
    DMA1_Channel5_IRQHandler                 0x0800020b   Thumb Code     0  startup_stm32g474xx.o(.text)
    DMA1_Channel6_IRQHandler                 0x0800020b   Thumb Code     0  startup_stm32g474xx.o(.text)
    DMA1_Channel7_IRQHandler                 0x0800020b   Thumb Code     0  startup_stm32g474xx.o(.text)
    DMA1_Channel8_IRQHandler                 0x0800020b   Thumb Code     0  startup_stm32g474xx.o(.text)
    DMA2_Channel1_IRQHandler                 0x0800020b   Thumb Code     0  startup_stm32g474xx.o(.text)
    DMA2_Channel2_IRQHandler                 0x0800020b   Thumb Code     0  startup_stm32g474xx.o(.text)
    DMA2_Channel3_IRQHandler                 0x0800020b   Thumb Code     0  startup_stm32g474xx.o(.text)
    DMA2_Channel4_IRQHandler                 0x0800020b   Thumb Code     0  startup_stm32g474xx.o(.text)
    DMA2_Channel5_IRQHandler                 0x0800020b   Thumb Code     0  startup_stm32g474xx.o(.text)
    DMA2_Channel6_IRQHandler                 0x0800020b   Thumb Code     0  startup_stm32g474xx.o(.text)
    DMA2_Channel7_IRQHandler                 0x0800020b   Thumb Code     0  startup_stm32g474xx.o(.text)
    DMA2_Channel8_IRQHandler                 0x0800020b   Thumb Code     0  startup_stm32g474xx.o(.text)
    DMAMUX_OVR_IRQHandler                    0x0800020b   Thumb Code     0  startup_stm32g474xx.o(.text)
    EXTI0_IRQHandler                         0x0800020b   Thumb Code     0  startup_stm32g474xx.o(.text)
    EXTI1_IRQHandler                         0x0800020b   Thumb Code     0  startup_stm32g474xx.o(.text)
    EXTI2_IRQHandler                         0x0800020b   Thumb Code     0  startup_stm32g474xx.o(.text)
    EXTI3_IRQHandler                         0x0800020b   Thumb Code     0  startup_stm32g474xx.o(.text)
    EXTI4_IRQHandler                         0x0800020b   Thumb Code     0  startup_stm32g474xx.o(.text)
    EXTI9_5_IRQHandler                       0x0800020b   Thumb Code     0  startup_stm32g474xx.o(.text)
    FDCAN1_IT0_IRQHandler                    0x0800020b   Thumb Code     0  startup_stm32g474xx.o(.text)
    FDCAN1_IT1_IRQHandler                    0x0800020b   Thumb Code     0  startup_stm32g474xx.o(.text)
    FDCAN2_IT0_IRQHandler                    0x0800020b   Thumb Code     0  startup_stm32g474xx.o(.text)
    FDCAN2_IT1_IRQHandler                    0x0800020b   Thumb Code     0  startup_stm32g474xx.o(.text)
    FDCAN3_IT0_IRQHandler                    0x0800020b   Thumb Code     0  startup_stm32g474xx.o(.text)
    FDCAN3_IT1_IRQHandler                    0x0800020b   Thumb Code     0  startup_stm32g474xx.o(.text)
    FLASH_IRQHandler                         0x0800020b   Thumb Code     0  startup_stm32g474xx.o(.text)
    FMAC_IRQHandler                          0x0800020b   Thumb Code     0  startup_stm32g474xx.o(.text)
    FMC_IRQHandler                           0x0800020b   Thumb Code     0  startup_stm32g474xx.o(.text)
    FPU_IRQHandler                           0x0800020b   Thumb Code     0  startup_stm32g474xx.o(.text)
    HRTIM1_FLT_IRQHandler                    0x0800020b   Thumb Code     0  startup_stm32g474xx.o(.text)
    HRTIM1_Master_IRQHandler                 0x0800020b   Thumb Code     0  startup_stm32g474xx.o(.text)
    HRTIM1_TIMA_IRQHandler                   0x0800020b   Thumb Code     0  startup_stm32g474xx.o(.text)
    HRTIM1_TIMB_IRQHandler                   0x0800020b   Thumb Code     0  startup_stm32g474xx.o(.text)
    HRTIM1_TIMC_IRQHandler                   0x0800020b   Thumb Code     0  startup_stm32g474xx.o(.text)
    HRTIM1_TIMD_IRQHandler                   0x0800020b   Thumb Code     0  startup_stm32g474xx.o(.text)
    HRTIM1_TIME_IRQHandler                   0x0800020b   Thumb Code     0  startup_stm32g474xx.o(.text)
    HRTIM1_TIMF_IRQHandler                   0x0800020b   Thumb Code     0  startup_stm32g474xx.o(.text)
    I2C1_ER_IRQHandler                       0x0800020b   Thumb Code     0  startup_stm32g474xx.o(.text)
    I2C1_EV_IRQHandler                       0x0800020b   Thumb Code     0  startup_stm32g474xx.o(.text)
    I2C2_ER_IRQHandler                       0x0800020b   Thumb Code     0  startup_stm32g474xx.o(.text)
    I2C2_EV_IRQHandler                       0x0800020b   Thumb Code     0  startup_stm32g474xx.o(.text)
    I2C3_ER_IRQHandler                       0x0800020b   Thumb Code     0  startup_stm32g474xx.o(.text)
    I2C3_EV_IRQHandler                       0x0800020b   Thumb Code     0  startup_stm32g474xx.o(.text)
    I2C4_ER_IRQHandler                       0x0800020b   Thumb Code     0  startup_stm32g474xx.o(.text)
    I2C4_EV_IRQHandler                       0x0800020b   Thumb Code     0  startup_stm32g474xx.o(.text)
    LPTIM1_IRQHandler                        0x0800020b   Thumb Code     0  startup_stm32g474xx.o(.text)
    LPUART1_IRQHandler                       0x0800020b   Thumb Code     0  startup_stm32g474xx.o(.text)
    PVD_PVM_IRQHandler                       0x0800020b   Thumb Code     0  startup_stm32g474xx.o(.text)
    QUADSPI_IRQHandler                       0x0800020b   Thumb Code     0  startup_stm32g474xx.o(.text)
    RCC_IRQHandler                           0x0800020b   Thumb Code     0  startup_stm32g474xx.o(.text)
    RNG_IRQHandler                           0x0800020b   Thumb Code     0  startup_stm32g474xx.o(.text)
    RTC_Alarm_IRQHandler                     0x0800020b   Thumb Code     0  startup_stm32g474xx.o(.text)
    RTC_TAMP_LSECSS_IRQHandler               0x0800020b   Thumb Code     0  startup_stm32g474xx.o(.text)
    RTC_WKUP_IRQHandler                      0x0800020b   Thumb Code     0  startup_stm32g474xx.o(.text)
    SAI1_IRQHandler                          0x0800020b   Thumb Code     0  startup_stm32g474xx.o(.text)
    SPI1_IRQHandler                          0x0800020b   Thumb Code     0  startup_stm32g474xx.o(.text)
    SPI2_IRQHandler                          0x0800020b   Thumb Code     0  startup_stm32g474xx.o(.text)
    SPI3_IRQHandler                          0x0800020b   Thumb Code     0  startup_stm32g474xx.o(.text)
    SPI4_IRQHandler                          0x0800020b   Thumb Code     0  startup_stm32g474xx.o(.text)
    TIM1_BRK_TIM15_IRQHandler                0x0800020b   Thumb Code     0  startup_stm32g474xx.o(.text)
    TIM1_CC_IRQHandler                       0x0800020b   Thumb Code     0  startup_stm32g474xx.o(.text)
    TIM1_TRG_COM_TIM17_IRQHandler            0x0800020b   Thumb Code     0  startup_stm32g474xx.o(.text)
    TIM1_UP_TIM16_IRQHandler                 0x0800020b   Thumb Code     0  startup_stm32g474xx.o(.text)
    TIM20_BRK_IRQHandler                     0x0800020b   Thumb Code     0  startup_stm32g474xx.o(.text)
    TIM20_TRG_COM_IRQHandler                 0x0800020b   Thumb Code     0  startup_stm32g474xx.o(.text)
    TIM20_UP_IRQHandler                      0x0800020b   Thumb Code     0  startup_stm32g474xx.o(.text)
    TIM2_IRQHandler                          0x0800020b   Thumb Code     0  startup_stm32g474xx.o(.text)
    TIM3_IRQHandler                          0x0800020b   Thumb Code     0  startup_stm32g474xx.o(.text)
    TIM4_IRQHandler                          0x0800020b   Thumb Code     0  startup_stm32g474xx.o(.text)
    TIM5_IRQHandler                          0x0800020b   Thumb Code     0  startup_stm32g474xx.o(.text)
    TIM6_DAC_IRQHandler                      0x0800020b   Thumb Code     0  startup_stm32g474xx.o(.text)
    TIM7_DAC_IRQHandler                      0x0800020b   Thumb Code     0  startup_stm32g474xx.o(.text)
    TIM8_BRK_IRQHandler                      0x0800020b   Thumb Code     0  startup_stm32g474xx.o(.text)
    TIM8_TRG_COM_IRQHandler                  0x0800020b   Thumb Code     0  startup_stm32g474xx.o(.text)
    TIM8_UP_IRQHandler                       0x0800020b   Thumb Code     0  startup_stm32g474xx.o(.text)
    UART4_IRQHandler                         0x0800020b   Thumb Code     0  startup_stm32g474xx.o(.text)
    UART5_IRQHandler                         0x0800020b   Thumb Code     0  startup_stm32g474xx.o(.text)
    UCPD1_IRQHandler                         0x0800020b   Thumb Code     0  startup_stm32g474xx.o(.text)
    USART1_IRQHandler                        0x0800020b   Thumb Code     0  startup_stm32g474xx.o(.text)
    USART2_IRQHandler                        0x0800020b   Thumb Code     0  startup_stm32g474xx.o(.text)
    USART3_IRQHandler                        0x0800020b   Thumb Code     0  startup_stm32g474xx.o(.text)
    USBWakeUp_IRQHandler                     0x0800020b   Thumb Code     0  startup_stm32g474xx.o(.text)
    USB_HP_IRQHandler                        0x0800020b   Thumb Code     0  startup_stm32g474xx.o(.text)
    USB_LP_IRQHandler                        0x0800020b   Thumb Code     0  startup_stm32g474xx.o(.text)
    WWDG_IRQHandler                          0x0800020b   Thumb Code     0  startup_stm32g474xx.o(.text)
    __aeabi_uldivmod                         0x08000215   Thumb Code    98  uldiv.o(.text)
    __aeabi_memset                           0x08000277   Thumb Code    14  memseta.o(.text)
    __aeabi_memset4                          0x08000277   Thumb Code     0  memseta.o(.text)
    __aeabi_memset8                          0x08000277   Thumb Code     0  memseta.o(.text)
    __aeabi_memclr                           0x08000285   Thumb Code     4  memseta.o(.text)
    __aeabi_memclr4                          0x08000285   Thumb Code     0  memseta.o(.text)
    __aeabi_memclr8                          0x08000285   Thumb Code     0  memseta.o(.text)
    _memset$wrapper                          0x08000289   Thumb Code    18  memseta.o(.text)
    __aeabi_llsl                             0x0800029b   Thumb Code    30  llshl.o(.text)
    _ll_shift_l                              0x0800029b   Thumb Code     0  llshl.o(.text)
    __aeabi_llsr                             0x080002b9   Thumb Code    32  llushr.o(.text)
    _ll_ushift_r                             0x080002b9   Thumb Code     0  llushr.o(.text)
    __scatterload                            0x080002d9   Thumb Code    28  init.o(.text)
    __scatterload_rt2                        0x080002d9   Thumb Code     0  init.o(.text)
    __decompress                             0x080002fd   Thumb Code     0  __dclz77c.o(.text)
    __decompress2                            0x080002fd   Thumb Code    94  __dclz77c.o(.text)
    ADC_DMAConvCplt                          0x0800035b   Thumb Code   104  stm32g4xx_hal_adc.o(i.ADC_DMAConvCplt)
    ADC_DMAError                             0x080003c3   Thumb Code    26  stm32g4xx_hal_adc.o(i.ADC_DMAError)
    ADC_DMAHalfConvCplt                      0x080003dd   Thumb Code    10  stm32g4xx_hal_adc.o(i.ADC_DMAHalfConvCplt)
    ADC_Enable                               0x080003e9   Thumb Code   172  stm32g4xx_hal_adc.o(i.ADC_Enable)
    BSP_COM_Init                             0x080004ad   Thumb Code    54  stm32g4xx_nucleo.o(i.BSP_COM_Init)
    BSP_LED_Init                             0x080004e9   Thumb Code    76  stm32g4xx_nucleo.o(i.BSP_LED_Init)
    BSP_LED_Toggle                           0x08000541   Thumb Code    22  stm32g4xx_nucleo.o(i.BSP_LED_Toggle)
    BSP_PB_Callback                          0x08000561   Thumb Code     2  stm32g4xx_nucleo.o(i.BSP_PB_Callback)
    BSP_PB_IRQHandler                        0x08000565   Thumb Code    10  stm32g4xx_nucleo.o(i.BSP_PB_IRQHandler)
    BSP_PB_Init                              0x08000575   Thumb Code   140  stm32g4xx_nucleo.o(i.BSP_PB_Init)
    BusFault_Handler                         0x08000617   Thumb Code     2  stm32g4xx_it.o(i.BusFault_Handler)
    DMA1_Channel1_IRQHandler                 0x08000685   Thumb Code     6  stm32g4xx_it.o(i.DMA1_Channel1_IRQHandler)
    DebugMon_Handler                         0x08000733   Thumb Code     2  stm32g4xx_it.o(i.DebugMon_Handler)
    EXTI15_10_IRQHandler                     0x08000735   Thumb Code     6  stm32g4xx_it.o(i.EXTI15_10_IRQHandler)
    Error_Handler                            0x0800073b   Thumb Code     4  main.o(i.Error_Handler)
    HAL_ADC_ConvCpltCallback                 0x08000741   Thumb Code    54  main.o(i.HAL_ADC_ConvCpltCallback)
    HAL_ADC_ConvHalfCpltCallback             0x08000789   Thumb Code     2  stm32g4xx_hal_adc.o(i.HAL_ADC_ConvHalfCpltCallback)
    HAL_ADC_ErrorCallback                    0x0800078b   Thumb Code     2  stm32g4xx_hal_adc.o(i.HAL_ADC_ErrorCallback)
    HAL_ADC_Init                             0x0800078d   Thumb Code   510  stm32g4xx_hal_adc.o(i.HAL_ADC_Init)
    HAL_ADC_MspInit                          0x080009bd   Thumb Code   158  adc.o(i.HAL_ADC_MspInit)
    HAL_ADC_Start_DMA                        0x08000a6d   Thumb Code   260  stm32g4xx_hal_adc.o(i.HAL_ADC_Start_DMA)
    HAL_DMA_IRQHandler                       0x08000b99   Thumb Code   186  stm32g4xx_hal_dma.o(i.HAL_DMA_IRQHandler)
    HAL_DMA_Init                             0x08000c55   Thumb Code   178  stm32g4xx_hal_dma.o(i.HAL_DMA_Init)
    HAL_DMA_Start_IT                         0x08000d15   Thumb Code   140  stm32g4xx_hal_dma.o(i.HAL_DMA_Start_IT)
    HAL_Delay                                0x08000da1   Thumb Code    32  stm32g4xx_hal.o(i.HAL_Delay)
    HAL_EXTI_GetHandle                       0x08000dc5   Thumb Code    12  stm32g4xx_hal_exti.o(i.HAL_EXTI_GetHandle)
    HAL_EXTI_IRQHandler                      0x08000dd1   Thumb Code    38  stm32g4xx_hal_exti.o(i.HAL_EXTI_IRQHandler)
    HAL_EXTI_RegisterCallback                0x08000dfd   Thumb Code    16  stm32g4xx_hal_exti.o(i.HAL_EXTI_RegisterCallback)
    HAL_GPIO_Init                            0x08000e0d   Thumb Code   550  stm32g4xx_hal_gpio.o(i.HAL_GPIO_Init)
    HAL_GPIO_TogglePin                       0x08001055   Thumb Code    16  stm32g4xx_hal_gpio.o(i.HAL_GPIO_TogglePin)
    HAL_GPIO_WritePin                        0x08001065   Thumb Code    10  stm32g4xx_hal_gpio.o(i.HAL_GPIO_WritePin)
    HAL_GetTick                              0x08001071   Thumb Code     6  stm32g4xx_hal.o(i.HAL_GetTick)
    HAL_IncTick                              0x0800107d   Thumb Code    12  stm32g4xx_hal.o(i.HAL_IncTick)
    HAL_Init                                 0x0800108d   Thumb Code    30  stm32g4xx_hal.o(i.HAL_Init)
    HAL_InitTick                             0x080010ad   Thumb Code    58  stm32g4xx_hal.o(i.HAL_InitTick)
    HAL_MspInit                              0x080010f1   Thumb Code    42  stm32g4xx_hal_msp.o(i.HAL_MspInit)
    HAL_NVIC_EnableIRQ                       0x08001121   Thumb Code    26  stm32g4xx_hal_cortex.o(i.HAL_NVIC_EnableIRQ)
    HAL_NVIC_SetPriority                     0x0800113d   Thumb Code    60  stm32g4xx_hal_cortex.o(i.HAL_NVIC_SetPriority)
    HAL_NVIC_SetPriorityGrouping             0x0800117d   Thumb Code    26  stm32g4xx_hal_cortex.o(i.HAL_NVIC_SetPriorityGrouping)
    HAL_PWREx_ControlVoltageScaling          0x080011a1   Thumb Code   174  stm32g4xx_hal_pwr_ex.o(i.HAL_PWREx_ControlVoltageScaling)
    HAL_PWREx_DisableUCPDDeadBattery         0x0800125d   Thumb Code    12  stm32g4xx_hal_pwr_ex.o(i.HAL_PWREx_DisableUCPDDeadBattery)
    HAL_RCCEx_PeriphCLKConfig                0x0800126d   Thumb Code   758  stm32g4xx_hal_rcc_ex.o(i.HAL_RCCEx_PeriphCLKConfig)
    HAL_RCC_ClockConfig                      0x0800156d   Thumb Code   444  stm32g4xx_hal_rcc.o(i.HAL_RCC_ClockConfig)
    HAL_RCC_GetPCLK1Freq                     0x08001749   Thumb Code    24  stm32g4xx_hal_rcc.o(i.HAL_RCC_GetPCLK1Freq)
    HAL_RCC_GetPCLK2Freq                     0x0800176d   Thumb Code    24  stm32g4xx_hal_rcc.o(i.HAL_RCC_GetPCLK2Freq)
    HAL_RCC_GetSysClockFreq                  0x08001791   Thumb Code    98  stm32g4xx_hal_rcc.o(i.HAL_RCC_GetSysClockFreq)
    HAL_RCC_OscConfig                        0x08001801   Thumb Code  1028  stm32g4xx_hal_rcc.o(i.HAL_RCC_OscConfig)
    HAL_SPI_Init                             0x08001c05   Thumb Code   234  stm32g4xx_hal_spi_1.o(i.HAL_SPI_Init)
    HAL_SPI_MspInit                          0x08001cf1   Thumb Code    90  spi.o(i.HAL_SPI_MspInit)
    HAL_SPI_Transmit                         0x08001d59   Thumb Code   398  stm32g4xx_hal_spi_1.o(i.HAL_SPI_Transmit)
    HAL_SYSTICK_Config                       0x08001ee7   Thumb Code    40  stm32g4xx_hal_cortex.o(i.HAL_SYSTICK_Config)
    HAL_TIMEx_Break2Callback                 0x08001f0f   Thumb Code     2  stm32g4xx_hal_tim_ex.o(i.HAL_TIMEx_Break2Callback)
    HAL_TIMEx_BreakCallback                  0x08001f11   Thumb Code     2  stm32g4xx_hal_tim_ex.o(i.HAL_TIMEx_BreakCallback)
    HAL_TIMEx_CommutCallback                 0x08001f13   Thumb Code     2  stm32g4xx_hal_tim_ex.o(i.HAL_TIMEx_CommutCallback)
    HAL_TIMEx_ConfigBreakDeadTime            0x08001f15   Thumb Code   154  stm32g4xx_hal_tim_ex.o(i.HAL_TIMEx_ConfigBreakDeadTime)
    HAL_TIMEx_DirectionChangeCallback        0x08001fbd   Thumb Code     2  stm32g4xx_hal_tim_ex.o(i.HAL_TIMEx_DirectionChangeCallback)
    HAL_TIMEx_EncoderIndexCallback           0x08001fbf   Thumb Code     2  stm32g4xx_hal_tim_ex.o(i.HAL_TIMEx_EncoderIndexCallback)
    HAL_TIMEx_IndexErrorCallback             0x08001fc1   Thumb Code     2  stm32g4xx_hal_tim_ex.o(i.HAL_TIMEx_IndexErrorCallback)
    HAL_TIMEx_MasterConfigSynchronization    0x08001fc5   Thumb Code   150  stm32g4xx_hal_tim_ex.o(i.HAL_TIMEx_MasterConfigSynchronization)
    HAL_TIMEx_TransitionErrorCallback        0x0800207d   Thumb Code     2  stm32g4xx_hal_tim_ex.o(i.HAL_TIMEx_TransitionErrorCallback)
    HAL_TIM_Base_Init                        0x0800207f   Thumb Code    98  stm32g4xx_hal_tim.o(i.HAL_TIM_Base_Init)
    HAL_TIM_Base_MspInit                     0x080020e1   Thumb Code   108  tim.o(i.HAL_TIM_Base_MspInit)
    HAL_TIM_Base_Start                       0x0800215d   Thumb Code    96  stm32g4xx_hal_tim.o(i.HAL_TIM_Base_Start)
    HAL_TIM_ConfigClockSource                0x080021dd   Thumb Code   234  stm32g4xx_hal_tim.o(i.HAL_TIM_ConfigClockSource)
    HAL_TIM_IC_CaptureCallback               0x080022cd   Thumb Code     2  stm32g4xx_hal_tim.o(i.HAL_TIM_IC_CaptureCallback)
    HAL_TIM_IRQHandler                       0x080022cf   Thumb Code   418  stm32g4xx_hal_tim.o(i.HAL_TIM_IRQHandler)
    HAL_TIM_MspPostInit                      0x08002471   Thumb Code    72  tim.o(i.HAL_TIM_MspPostInit)
    HAL_TIM_OC_ConfigChannel                 0x080024c5   Thumb Code   110  stm32g4xx_hal_tim.o(i.HAL_TIM_OC_ConfigChannel)
    HAL_TIM_OC_DelayElapsedCallback          0x08002535   Thumb Code    54  main.o(i.HAL_TIM_OC_DelayElapsedCallback)
    HAL_TIM_OC_Init                          0x08002575   Thumb Code    98  stm32g4xx_hal_tim.o(i.HAL_TIM_OC_Init)
    HAL_TIM_OC_MspInit                       0x080025d7   Thumb Code     2  stm32g4xx_hal_tim.o(i.HAL_TIM_OC_MspInit)
    HAL_TIM_OC_Start_IT                      0x080025d9   Thumb Code   278  stm32g4xx_hal_tim.o(i.HAL_TIM_OC_Start_IT)
    HAL_TIM_PWM_ConfigChannel                0x08002719   Thumb Code   292  stm32g4xx_hal_tim.o(i.HAL_TIM_PWM_ConfigChannel)
    HAL_TIM_PWM_Init                         0x0800283d   Thumb Code    98  stm32g4xx_hal_tim.o(i.HAL_TIM_PWM_Init)
    HAL_TIM_PWM_MspInit                      0x0800289f   Thumb Code     2  stm32g4xx_hal_tim.o(i.HAL_TIM_PWM_MspInit)
    HAL_TIM_PWM_PulseFinishedCallback        0x080028a1   Thumb Code     2  stm32g4xx_hal_tim.o(i.HAL_TIM_PWM_PulseFinishedCallback)
    HAL_TIM_PWM_Start                        0x080028a5   Thumb Code   234  stm32g4xx_hal_tim.o(i.HAL_TIM_PWM_Start)
    HAL_TIM_PeriodElapsedCallback            0x080029b9   Thumb Code     2  stm32g4xx_hal_tim.o(i.HAL_TIM_PeriodElapsedCallback)
    HAL_TIM_TriggerCallback                  0x080029bb   Thumb Code     2  stm32g4xx_hal_tim.o(i.HAL_TIM_TriggerCallback)
    HAL_UART_Init                            0x080029bd   Thumb Code   106  stm32g4xx_hal_uart.o(i.HAL_UART_Init)
    HAL_UART_MspInit                         0x08002a27   Thumb Code     2  stm32g4xx_hal_uart.o(i.HAL_UART_MspInit)
    HardFault_Handler                        0x08002a29   Thumb Code     2  stm32g4xx_it.o(i.HardFault_Handler)
    MX_ADC2_Init                             0x08002a4d   Thumb Code    66  adc.o(i.MX_ADC2_Init)
    MX_DMA_Init                              0x08002a99   Thumb Code    56  dma.o(i.MX_DMA_Init)
    MX_GPIO_Init                             0x08002ad5   Thumb Code   260  gpio.o(i.MX_GPIO_Init)
    MX_LPUART1_Init                          0x08002be9   Thumb Code    40  stm32g4xx_nucleo.o(i.MX_LPUART1_Init)
    MX_SPI2_Init                             0x08002c15   Thumb Code    72  spi.o(i.MX_SPI2_Init)
    MX_TIM1_Init                             0x08002c65   Thumb Code   100  tim.o(i.MX_TIM1_Init)
    MX_TIM20_Init                            0x08002cd1   Thumb Code   310  tim.o(i.MX_TIM20_Init)
    MX_TIM8_Init                             0x08002e11   Thumb Code   230  tim.o(i.MX_TIM8_Init)
    MemManage_Handler                        0x08002f01   Thumb Code     2  stm32g4xx_it.o(i.MemManage_Handler)
    NMI_Handler                              0x08002f03   Thumb Code     2  stm32g4xx_it.o(i.NMI_Handler)
    PendSV_Handler                           0x08002f05   Thumb Code     2  stm32g4xx_it.o(i.PendSV_Handler)
    SVC_Handler                              0x080030e9   Thumb Code     2  stm32g4xx_it.o(i.SVC_Handler)
    SysTick_Handler                          0x080030eb   Thumb Code     4  stm32g4xx_it.o(i.SysTick_Handler)
    SystemClock_Config                       0x080030ef   Thumb Code   104  main.o(i.SystemClock_Config)
    SystemInit                               0x08003159   Thumb Code    12  system_stm32g4xx.o(i.SystemInit)
    TIM20_CC_IRQHandler                      0x08003169   Thumb Code     6  stm32g4xx_it.o(i.TIM20_CC_IRQHandler)
    TIM8_CC_IRQHandler                       0x08003175   Thumb Code     6  stm32g4xx_it.o(i.TIM8_CC_IRQHandler)
    TIM_Base_SetConfig                       0x08003181   Thumb Code   190  stm32g4xx_hal_tim.o(i.TIM_Base_SetConfig)
    TIM_CCxChannelCmd                        0x08003265   Thumb Code    26  stm32g4xx_hal_tim.o(i.TIM_CCxChannelCmd)
    TIM_ETR_SetConfig                        0x0800327f   Thumb Code    20  stm32g4xx_hal_tim.o(i.TIM_ETR_SetConfig)
    TIM_OC2_SetConfig                        0x08003355   Thumb Code   132  stm32g4xx_hal_tim.o(i.TIM_OC2_SetConfig)
    UART_AdvFeatureConfig                    0x0800366f   Thumb Code   200  stm32g4xx_hal_uart.o(i.UART_AdvFeatureConfig)
    UART_CheckIdleState                      0x08003737   Thumb Code   172  stm32g4xx_hal_uart.o(i.UART_CheckIdleState)
    UART_SetConfig                           0x08003839   Thumb Code   614  stm32g4xx_hal_uart.o(i.UART_SetConfig)
    UART_WaitOnFlagUntilTimeout              0x08003ad1   Thumb Code   148  stm32g4xx_hal_uart.o(i.UART_WaitOnFlagUntilTimeout)
    UsageFault_Handler                       0x08003b65   Thumb Code     2  stm32g4xx_it.o(i.UsageFault_Handler)
    __scatterload_copy                       0x08003b87   Thumb Code    14  handlers.o(i.__scatterload_copy)
    __scatterload_null                       0x08003b95   Thumb Code     2  handlers.o(i.__scatterload_null)
    __scatterload_zeroinit                   0x08003b97   Thumb Code    14  handlers.o(i.__scatterload_zeroinit)
    atk_md0240_clear                         0x08003ba5   Thumb Code    20  atk_md0240.o(i.atk_md0240_clear)
    atk_md0240_display_on                    0x08003bb9   Thumb Code    10  atk_md0240.o(i.atk_md0240_display_on)
    atk_md0240_draw_line                     0x08003bc9   Thumb Code   152  atk_md0240.o(i.atk_md0240_draw_line)
    atk_md0240_draw_point                    0x08003c61   Thumb Code    42  atk_md0240.o(i.atk_md0240_draw_point)
    atk_md0240_fill                          0x08003c91   Thumb Code   116  atk_md0240.o(i.atk_md0240_fill)
    atk_md0240_init                          0x08003d0d   Thumb Code    86  atk_md0240.o(i.atk_md0240_init)
    atk_md0240_set_address                   0x08003ee1   Thumb Code    82  atk_md0240.o(i.atk_md0240_set_address)
    atk_md0240_show_char                     0x08003f35   Thumb Code   204  atk_md0240.o(i.atk_md0240_show_char)
    atk_md0240_show_pic                      0x08004011   Thumb Code    66  atk_md0240.o(i.atk_md0240_show_pic)
    atk_md0240_show_string                   0x08004059   Thumb Code   124  atk_md0240.o(i.atk_md0240_show_string)
    atk_md0240_spi_init                      0x080040d5   Thumb Code     2  atk_md0240_spi.o(i.atk_md0240_spi_init)
    atk_md0240_spi_send                      0x080040d9   Thumb Code    14  atk_md0240_spi.o(i.atk_md0240_spi_send)
    draw_axes                                0x08004125   Thumb Code   150  main.o(i.draw_axes)
    lcd_show_waveform                        0x080041c9   Thumb Code   336  main.o(i.lcd_show_waveform)
    main                                     0x08004319   Thumb Code   332  main.o(i.main)
    update_gpio_output                       0x08004485   Thumb Code    38  main.o(i.update_gpio_output)
    pin_map                                  0x080044b0   Data          56  main.o(.constdata)
    UARTPrescTable                           0x080044f4   Data          24  stm32g4xx_hal_uart.o(.constdata)
    AHBPrescTable                            0x0800450c   Data          16  system_stm32g4xx.o(.constdata)
    APBPrescTable                            0x0800451c   Data           8  system_stm32g4xx.o(.constdata)
    atk_md0240_font_1206                     0x08004524   Data        1140  atk_md0240.o(.constdata)
    atk_md0240_font_1608                     0x08004998   Data        1520  atk_md0240.o(.constdata)
    atk_md0240_font_2412                     0x08004f88   Data        3420  atk_md0240.o(.constdata)
    atk_md0240_font_3216                     0x08005ce4   Data        6080  atk_md0240.o(.constdata)
    Region$$Table$$Base                      0x080074a4   Number         0  anon$$obj.o(Region$$Table)
    Region$$Table$$Limit                     0x080074c4   Number         0  anon$$obj.o(Region$$Table)
    current_buffer                           0x20000000   Data           1  main.o(.data)
    adc_data_ready                           0x20000001   Data           1  main.o(.data)
    active_tx_buffer                         0x20000002   Data           1  main.o(.data)
    lcd_show_waveform_ready                  0x20000003   Data           1  main.o(.data)
    average_ready                            0x20000004   Data           1  main.o(.data)
    frame_count                              0x20000006   Data           2  main.o(.data)
    last_adc_buffer                          0x20000008   Data           4  main.o(.data)
    image_data                               0x2000000c   Data       40000  main.o(.data)
    hpb_exti                                 0x20009c64   Data           8  stm32g4xx_nucleo.o(.data)
    uwTickPrio                               0x20009c6c   Data           4  stm32g4xx_hal.o(.data)
    uwTickFreq                               0x20009c70   Data           4  stm32g4xx_hal.o(.data)
    uwTick                                   0x20009c74   Data           4  stm32g4xx_hal.o(.data)
    SystemCoreClock                          0x20009c78   Data           4  system_stm32g4xx.o(.data)
    accum_buffer                             0x20009c7c   Data        2500  main.o(.bss)
    adc_buffer_a                             0x2000a640   Data        1250  main.o(.bss)
    adc_buffer_b                             0x2000ab22   Data        1250  main.o(.bss)
    averaged_buffer                          0x2000b004   Data        1250  main.o(.bss)
    BspCOMInit                               0x2000b4e8   Data          16  main.o(.bss)
    hadc2                                    0x2000b4f8   Data         108  adc.o(.bss)
    hdma_adc2                                0x2000b564   Data          96  adc.o(.bss)
    hspi2                                    0x2000b5c4   Data         100  spi.o(.bss)
    htim1                                    0x2000b628   Data          76  tim.o(.bss)
    htim8                                    0x2000b674   Data          76  tim.o(.bss)
    htim20                                   0x2000b6c0   Data          76  tim.o(.bss)
    hcom_uart                                0x2000b70c   Data         148  stm32g4xx_nucleo.o(.bss)
    __initial_sp                             0x2000f7a0   Data           0  startup_stm32g474xx.o(STACK)



==============================================================================

Memory Map of the image

  Image Entry point : 0x080001d9

  Load Region LR_IROM1 (Base: 0x08000000, Size: 0x00011140, Max: 0x00080000, ABSOLUTE, COMPRESSED[0x00007ee4])

    Execution Region ER_IROM1 (Exec base: 0x08000000, Load base: 0x08000000, Size: 0x000074c4, Max: 0x00080000, ABSOLUTE)

    Exec Addr    Load Addr    Size         Type   Attr      Idx    E Section Name        Object

    0x08000000   0x08000000   0x000001d8   Data   RO            3    RESET               startup_stm32g474xx.o
    0x080001d8   0x080001d8   0x00000000   Code   RO         4991  * .ARM.Collect$$$$00000000  mc_w.l(entry.o)
    0x080001d8   0x080001d8   0x00000004   Code   RO         4998    .ARM.Collect$$$$00000001  mc_w.l(entry2.o)
    0x080001dc   0x080001dc   0x00000004   Code   RO         5001    .ARM.Collect$$$$00000004  mc_w.l(entry5.o)
    0x080001e0   0x080001e0   0x00000000   Code   RO         5003    .ARM.Collect$$$$00000008  mc_w.l(entry7b.o)
    0x080001e0   0x080001e0   0x00000000   Code   RO         5005    .ARM.Collect$$$$0000000A  mc_w.l(entry8b.o)
    0x080001e0   0x080001e0   0x00000008   Code   RO         5006    .ARM.Collect$$$$0000000B  mc_w.l(entry9a.o)
    0x080001e8   0x080001e8   0x00000004   Code   RO         5013    .ARM.Collect$$$$0000000E  mc_w.l(entry12b.o)
    0x080001ec   0x080001ec   0x00000000   Code   RO         5008    .ARM.Collect$$$$0000000F  mc_w.l(entry10a.o)
    0x080001ec   0x080001ec   0x00000000   Code   RO         5010    .ARM.Collect$$$$00000011  mc_w.l(entry11a.o)
    0x080001ec   0x080001ec   0x00000004   Code   RO         4999    .ARM.Collect$$$$00002712  mc_w.l(entry2.o)
    0x080001f0   0x080001f0   0x00000024   Code   RO            4    .text               startup_stm32g474xx.o
    0x08000214   0x08000214   0x00000062   Code   RO         4994    .text               mc_w.l(uldiv.o)
    0x08000276   0x08000276   0x00000024   Code   RO         4996    .text               mc_w.l(memseta.o)
    0x0800029a   0x0800029a   0x0000001e   Code   RO         5014    .text               mc_w.l(llshl.o)
    0x080002b8   0x080002b8   0x00000020   Code   RO         5016    .text               mc_w.l(llushr.o)
    0x080002d8   0x080002d8   0x00000024   Code   RO         5021    .text               mc_w.l(init.o)
    0x080002fc   0x080002fc   0x0000005e   Code   RO         5031    .text               mc_w.l(__dclz77c.o)
    0x0800035a   0x0800035a   0x00000068   Code   RO          746    i.ADC_DMAConvCplt   stm32g4xx_hal_adc.o
    0x080003c2   0x080003c2   0x0000001a   Code   RO          747    i.ADC_DMAError      stm32g4xx_hal_adc.o
    0x080003dc   0x080003dc   0x0000000a   Code   RO          748    i.ADC_DMAHalfConvCplt  stm32g4xx_hal_adc.o
    0x080003e6   0x080003e6   0x00000002   PAD
    0x080003e8   0x080003e8   0x000000c4   Code   RO          750    i.ADC_Enable        stm32g4xx_hal_adc.o
    0x080004ac   0x080004ac   0x0000003c   Code   RO          596    i.BSP_COM_Init      stm32g4xx_nucleo.o
    0x080004e8   0x080004e8   0x00000058   Code   RO          603    i.BSP_LED_Init      stm32g4xx_nucleo.o
    0x08000540   0x08000540   0x00000020   Code   RO          606    i.BSP_LED_Toggle    stm32g4xx_nucleo.o
    0x08000560   0x08000560   0x00000002   Code   RO          607    i.BSP_PB_Callback   stm32g4xx_nucleo.o
    0x08000562   0x08000562   0x00000002   PAD
    0x08000564   0x08000564   0x00000010   Code   RO          610    i.BSP_PB_IRQHandler  stm32g4xx_nucleo.o
    0x08000574   0x08000574   0x00000098   Code   RO          611    i.BSP_PB_Init       stm32g4xx_nucleo.o
    0x0800060c   0x0800060c   0x0000000a   Code   RO          612    i.BUTTON_USER_EXTI_Callback  stm32g4xx_nucleo.o
    0x08000616   0x08000616   0x00000002   Code   RO          471    i.BusFault_Handler  stm32g4xx_it.o
    0x08000618   0x08000618   0x0000006c   Code   RO          613    i.COM1_MspInit      stm32g4xx_nucleo.o
    0x08000684   0x08000684   0x0000000c   Code   RO          472    i.DMA1_Channel1_IRQHandler  stm32g4xx_it.o
    0x08000690   0x08000690   0x00000040   Code   RO         2059    i.DMA_CalcDMAMUXChannelBaseAndMask  stm32g4xx_hal_dma.o
    0x080006d0   0x080006d0   0x00000024   Code   RO         2060    i.DMA_CalcDMAMUXRequestGenBaseAndMask  stm32g4xx_hal_dma.o
    0x080006f4   0x080006f4   0x0000003e   Code   RO         2061    i.DMA_SetConfig     stm32g4xx_hal_dma.o
    0x08000732   0x08000732   0x00000002   Code   RO          473    i.DebugMon_Handler  stm32g4xx_it.o
    0x08000734   0x08000734   0x00000006   Code   RO          474    i.EXTI15_10_IRQHandler  stm32g4xx_it.o
    0x0800073a   0x0800073a   0x00000004   Code   RO           15    i.Error_Handler     main.o
    0x0800073e   0x0800073e   0x00000002   PAD
    0x08000740   0x08000740   0x00000048   Code   RO           16    i.HAL_ADC_ConvCpltCallback  main.o
    0x08000788   0x08000788   0x00000002   Code   RO          754    i.HAL_ADC_ConvHalfCpltCallback  stm32g4xx_hal_adc.o
    0x0800078a   0x0800078a   0x00000002   Code   RO          756    i.HAL_ADC_ErrorCallback  stm32g4xx_hal_adc.o
    0x0800078c   0x0800078c   0x00000230   Code   RO          761    i.HAL_ADC_Init      stm32g4xx_hal_adc.o
    0x080009bc   0x080009bc   0x000000b0   Code   RO          304    i.HAL_ADC_MspInit   adc.o
    0x08000a6c   0x08000a6c   0x0000012c   Code   RO          769    i.HAL_ADC_Start_DMA  stm32g4xx_hal_adc.o
    0x08000b98   0x08000b98   0x000000ba   Code   RO         2067    i.HAL_DMA_IRQHandler  stm32g4xx_hal_dma.o
    0x08000c52   0x08000c52   0x00000002   PAD
    0x08000c54   0x08000c54   0x000000c0   Code   RO         2068    i.HAL_DMA_Init      stm32g4xx_hal_dma.o
    0x08000d14   0x08000d14   0x0000008c   Code   RO         2072    i.HAL_DMA_Start_IT  stm32g4xx_hal_dma.o
    0x08000da0   0x08000da0   0x00000024   Code   RO         1199    i.HAL_Delay         stm32g4xx_hal.o
    0x08000dc4   0x08000dc4   0x0000000c   Code   RO         1991    i.HAL_EXTI_GetHandle  stm32g4xx_hal_exti.o
    0x08000dd0   0x08000dd0   0x0000002c   Code   RO         1993    i.HAL_EXTI_IRQHandler  stm32g4xx_hal_exti.o
    0x08000dfc   0x08000dfc   0x00000010   Code   RO         1994    i.HAL_EXTI_RegisterCallback  stm32g4xx_hal_exti.o
    0x08000e0c   0x08000e0c   0x00000248   Code   RO         1924    i.HAL_GPIO_Init     stm32g4xx_hal_gpio.o
    0x08001054   0x08001054   0x00000010   Code   RO         1927    i.HAL_GPIO_TogglePin  stm32g4xx_hal_gpio.o
    0x08001064   0x08001064   0x0000000a   Code   RO         1928    i.HAL_GPIO_WritePin  stm32g4xx_hal_gpio.o
    0x0800106e   0x0800106e   0x00000002   PAD
    0x08001070   0x08001070   0x0000000c   Code   RO         1203    i.HAL_GetTick       stm32g4xx_hal.o
    0x0800107c   0x0800107c   0x00000010   Code   RO         1209    i.HAL_IncTick       stm32g4xx_hal.o
    0x0800108c   0x0800108c   0x0000001e   Code   RO         1210    i.HAL_Init          stm32g4xx_hal.o
    0x080010aa   0x080010aa   0x00000002   PAD
    0x080010ac   0x080010ac   0x00000044   Code   RO         1211    i.HAL_InitTick      stm32g4xx_hal.o
    0x080010f0   0x080010f0   0x00000030   Code   RO          571    i.HAL_MspInit       stm32g4xx_hal_msp.o
    0x08001120   0x08001120   0x0000001a   Code   RO         2573    i.HAL_NVIC_EnableIRQ  stm32g4xx_hal_cortex.o
    0x0800113a   0x0800113a   0x00000002   PAD
    0x0800113c   0x0800113c   0x00000040   Code   RO         2579    i.HAL_NVIC_SetPriority  stm32g4xx_hal_cortex.o
    0x0800117c   0x0800117c   0x00000024   Code   RO         2580    i.HAL_NVIC_SetPriorityGrouping  stm32g4xx_hal_cortex.o
    0x080011a0   0x080011a0   0x000000bc   Code   RO         2327    i.HAL_PWREx_ControlVoltageScaling  stm32g4xx_hal_pwr_ex.o
    0x0800125c   0x0800125c   0x00000010   Code   RO         2339    i.HAL_PWREx_DisableUCPDDeadBattery  stm32g4xx_hal_pwr_ex.o
    0x0800126c   0x0800126c   0x00000300   Code   RO         1570    i.HAL_RCCEx_PeriphCLKConfig  stm32g4xx_hal_rcc_ex.o
    0x0800156c   0x0800156c   0x000001dc   Code   RO         1445    i.HAL_RCC_ClockConfig  stm32g4xx_hal_rcc.o
    0x08001748   0x08001748   0x00000024   Code   RO         1453    i.HAL_RCC_GetPCLK1Freq  stm32g4xx_hal_rcc.o
    0x0800176c   0x0800176c   0x00000024   Code   RO         1454    i.HAL_RCC_GetPCLK2Freq  stm32g4xx_hal_rcc.o
    0x08001790   0x08001790   0x00000070   Code   RO         1455    i.HAL_RCC_GetSysClockFreq  stm32g4xx_hal_rcc.o
    0x08001800   0x08001800   0x00000404   Code   RO         1458    i.HAL_RCC_OscConfig  stm32g4xx_hal_rcc.o
    0x08001c04   0x08001c04   0x000000ea   Code   RO         2724    i.HAL_SPI_Init      stm32g4xx_hal_spi_1.o
    0x08001cee   0x08001cee   0x00000002   PAD
    0x08001cf0   0x08001cf0   0x00000068   Code   RO          370    i.HAL_SPI_MspInit   spi.o
    0x08001d58   0x08001d58   0x0000018e   Code   RO         2732    i.HAL_SPI_Transmit  stm32g4xx_hal_spi_1.o
    0x08001ee6   0x08001ee6   0x00000028   Code   RO         2584    i.HAL_SYSTICK_Config  stm32g4xx_hal_cortex.o
    0x08001f0e   0x08001f0e   0x00000002   Code   RO         3780    i.HAL_TIMEx_Break2Callback  stm32g4xx_hal_tim_ex.o
    0x08001f10   0x08001f10   0x00000002   Code   RO         3781    i.HAL_TIMEx_BreakCallback  stm32g4xx_hal_tim_ex.o
    0x08001f12   0x08001f12   0x00000002   Code   RO         3782    i.HAL_TIMEx_CommutCallback  stm32g4xx_hal_tim_ex.o
    0x08001f14   0x08001f14   0x000000a8   Code   RO         3785    i.HAL_TIMEx_ConfigBreakDeadTime  stm32g4xx_hal_tim_ex.o
    0x08001fbc   0x08001fbc   0x00000002   Code   RO         3793    i.HAL_TIMEx_DirectionChangeCallback  stm32g4xx_hal_tim_ex.o
    0x08001fbe   0x08001fbe   0x00000002   Code   RO         3807    i.HAL_TIMEx_EncoderIndexCallback  stm32g4xx_hal_tim_ex.o
    0x08001fc0   0x08001fc0   0x00000002   Code   RO         3821    i.HAL_TIMEx_IndexErrorCallback  stm32g4xx_hal_tim_ex.o
    0x08001fc2   0x08001fc2   0x00000002   PAD
    0x08001fc4   0x08001fc4   0x000000b8   Code   RO         3822    i.HAL_TIMEx_MasterConfigSynchronization  stm32g4xx_hal_tim_ex.o
    0x0800207c   0x0800207c   0x00000002   Code   RO         3843    i.HAL_TIMEx_TransitionErrorCallback  stm32g4xx_hal_tim_ex.o
    0x0800207e   0x0800207e   0x00000062   Code   RO         3066    i.HAL_TIM_Base_Init  stm32g4xx_hal_tim.o
    0x080020e0   0x080020e0   0x0000007c   Code   RO          412    i.HAL_TIM_Base_MspInit  tim.o
    0x0800215c   0x0800215c   0x00000080   Code   RO         3069    i.HAL_TIM_Base_Start  stm32g4xx_hal_tim.o
    0x080021dc   0x080021dc   0x000000f0   Code   RO         3075    i.HAL_TIM_ConfigClockSource  stm32g4xx_hal_tim.o
    0x080022cc   0x080022cc   0x00000002   Code   RO         3100    i.HAL_TIM_IC_CaptureCallback  stm32g4xx_hal_tim.o
    0x080022ce   0x080022ce   0x000001a2   Code   RO         3114    i.HAL_TIM_IRQHandler  stm32g4xx_hal_tim.o
    0x08002470   0x08002470   0x00000054   Code   RO          413    i.HAL_TIM_MspPostInit  tim.o
    0x080024c4   0x080024c4   0x0000006e   Code   RO         3115    i.HAL_TIM_OC_ConfigChannel  stm32g4xx_hal_tim.o
    0x08002532   0x08002532   0x00000002   PAD
    0x08002534   0x08002534   0x00000040   Code   RO           17    i.HAL_TIM_OC_DelayElapsedCallback  main.o
    0x08002574   0x08002574   0x00000062   Code   RO         3119    i.HAL_TIM_OC_Init   stm32g4xx_hal_tim.o
    0x080025d6   0x080025d6   0x00000002   Code   RO         3121    i.HAL_TIM_OC_MspInit  stm32g4xx_hal_tim.o
    0x080025d8   0x080025d8   0x00000140   Code   RO         3124    i.HAL_TIM_OC_Start_IT  stm32g4xx_hal_tim.o
    0x08002718   0x08002718   0x00000124   Code   RO         3138    i.HAL_TIM_PWM_ConfigChannel  stm32g4xx_hal_tim.o
    0x0800283c   0x0800283c   0x00000062   Code   RO         3141    i.HAL_TIM_PWM_Init  stm32g4xx_hal_tim.o
    0x0800289e   0x0800289e   0x00000002   Code   RO         3143    i.HAL_TIM_PWM_MspInit  stm32g4xx_hal_tim.o
    0x080028a0   0x080028a0   0x00000002   Code   RO         3144    i.HAL_TIM_PWM_PulseFinishedCallback  stm32g4xx_hal_tim.o
    0x080028a2   0x080028a2   0x00000002   PAD
    0x080028a4   0x080028a4   0x00000114   Code   RO         3146    i.HAL_TIM_PWM_Start  stm32g4xx_hal_tim.o
    0x080029b8   0x080029b8   0x00000002   Code   RO         3152    i.HAL_TIM_PeriodElapsedCallback  stm32g4xx_hal_tim.o
    0x080029ba   0x080029ba   0x00000002   Code   RO         3157    i.HAL_TIM_TriggerCallback  stm32g4xx_hal_tim.o
    0x080029bc   0x080029bc   0x0000006a   Code   RO         4394    i.HAL_UART_Init     stm32g4xx_hal_uart.o
    0x08002a26   0x08002a26   0x00000002   Code   RO         4396    i.HAL_UART_MspInit  stm32g4xx_hal_uart.o
    0x08002a28   0x08002a28   0x00000002   Code   RO          475    i.HardFault_Handler  stm32g4xx_it.o
    0x08002a2a   0x08002a2a   0x00000008   Code   RO          776    i.LL_ADC_INJ_IsConversionOngoing  stm32g4xx_hal_adc.o
    0x08002a32   0x08002a32   0x00000008   Code   RO          777    i.LL_ADC_REG_IsConversionOngoing  stm32g4xx_hal_adc.o
    0x08002a3a   0x08002a3a   0x00000010   Code   RO          778    i.LL_ADC_REG_IsTriggerSourceSWStart  stm32g4xx_hal_adc.o
    0x08002a4a   0x08002a4a   0x00000002   PAD
    0x08002a4c   0x08002a4c   0x0000004c   Code   RO          305    i.MX_ADC2_Init      adc.o
    0x08002a98   0x08002a98   0x0000003c   Code   RO          345    i.MX_DMA_Init       dma.o
    0x08002ad4   0x08002ad4   0x00000114   Code   RO          279    i.MX_GPIO_Init      gpio.o
    0x08002be8   0x08002be8   0x0000002c   Code   RO          614    i.MX_LPUART1_Init   stm32g4xx_nucleo.o
    0x08002c14   0x08002c14   0x00000050   Code   RO          371    i.MX_SPI2_Init      spi.o
    0x08002c64   0x08002c64   0x0000006c   Code   RO          414    i.MX_TIM1_Init      tim.o
    0x08002cd0   0x08002cd0   0x00000140   Code   RO          415    i.MX_TIM20_Init     tim.o
    0x08002e10   0x08002e10   0x000000f0   Code   RO          416    i.MX_TIM8_Init      tim.o
    0x08002f00   0x08002f00   0x00000002   Code   RO          476    i.MemManage_Handler  stm32g4xx_it.o
    0x08002f02   0x08002f02   0x00000002   Code   RO          477    i.NMI_Handler       stm32g4xx_it.o
    0x08002f04   0x08002f04   0x00000002   Code   RO          478    i.PendSV_Handler    stm32g4xx_it.o
    0x08002f06   0x08002f06   0x00000048   Code   RO         2762    i.SPI_EndRxTxTransaction  stm32g4xx_hal_spi_1.o
    0x08002f4e   0x08002f4e   0x00000002   PAD
    0x08002f50   0x08002f50   0x000000e0   Code   RO         2767    i.SPI_WaitFifoStateUntilTimeout  stm32g4xx_hal_spi_1.o
    0x08003030   0x08003030   0x000000b8   Code   RO         2768    i.SPI_WaitFlagStateUntilTimeout  stm32g4xx_hal_spi_1.o
    0x080030e8   0x080030e8   0x00000002   Code   RO          479    i.SVC_Handler       stm32g4xx_it.o
    0x080030ea   0x080030ea   0x00000004   Code   RO          480    i.SysTick_Handler   stm32g4xx_it.o
    0x080030ee   0x080030ee   0x00000068   Code   RO           19    i.SystemClock_Config  main.o
    0x08003156   0x08003156   0x00000002   PAD
    0x08003158   0x08003158   0x00000010   Code   RO         4784    i.SystemInit        system_stm32g4xx.o
    0x08003168   0x08003168   0x0000000c   Code   RO          481    i.TIM20_CC_IRQHandler  stm32g4xx_it.o
    0x08003174   0x08003174   0x0000000c   Code   RO          482    i.TIM8_CC_IRQHandler  stm32g4xx_it.o
    0x08003180   0x08003180   0x000000e4   Code   RO         3159    i.TIM_Base_SetConfig  stm32g4xx_hal_tim.o
    0x08003264   0x08003264   0x0000001a   Code   RO         3160    i.TIM_CCxChannelCmd  stm32g4xx_hal_tim.o
    0x0800327e   0x0800327e   0x00000014   Code   RO         3170    i.TIM_ETR_SetConfig  stm32g4xx_hal_tim.o
    0x08003292   0x08003292   0x00000002   PAD
    0x08003294   0x08003294   0x00000014   Code   RO         3171    i.TIM_ITRx_SetConfig  stm32g4xx_hal_tim.o
    0x080032a8   0x080032a8   0x000000ac   Code   RO         3172    i.TIM_OC1_SetConfig  stm32g4xx_hal_tim.o
    0x08003354   0x08003354   0x000000a0   Code   RO         3173    i.TIM_OC2_SetConfig  stm32g4xx_hal_tim.o
    0x080033f4   0x080033f4   0x000000a0   Code   RO         3174    i.TIM_OC3_SetConfig  stm32g4xx_hal_tim.o
    0x08003494   0x08003494   0x000000a0   Code   RO         3175    i.TIM_OC4_SetConfig  stm32g4xx_hal_tim.o
    0x08003534   0x08003534   0x00000078   Code   RO         3176    i.TIM_OC5_SetConfig  stm32g4xx_hal_tim.o
    0x080035ac   0x080035ac   0x0000007c   Code   RO         3177    i.TIM_OC6_SetConfig  stm32g4xx_hal_tim.o
    0x08003628   0x08003628   0x00000022   Code   RO         3179    i.TIM_TI1_ConfigInputStage  stm32g4xx_hal_tim.o
    0x0800364a   0x0800364a   0x00000024   Code   RO         3181    i.TIM_TI2_ConfigInputStage  stm32g4xx_hal_tim.o
    0x0800366e   0x0800366e   0x000000c8   Code   RO         4408    i.UART_AdvFeatureConfig  stm32g4xx_hal_uart.o
    0x08003736   0x08003736   0x000000ac   Code   RO         4409    i.UART_CheckIdleState  stm32g4xx_hal_uart.o
    0x080037e2   0x080037e2   0x00000002   PAD
    0x080037e4   0x080037e4   0x00000054   Code   RO         4420    i.UART_EndRxTransfer  stm32g4xx_hal_uart.o
    0x08003838   0x08003838   0x00000298   Code   RO         4426    i.UART_SetConfig    stm32g4xx_hal_uart.o
    0x08003ad0   0x08003ad0   0x00000094   Code   RO         4433    i.UART_WaitOnFlagUntilTimeout  stm32g4xx_hal_uart.o
    0x08003b64   0x08003b64   0x00000002   Code   RO          483    i.UsageFault_Handler  stm32g4xx_it.o
    0x08003b66   0x08003b66   0x00000020   Code   RO         2586    i.__NVIC_SetPriority  stm32g4xx_hal_cortex.o
    0x08003b86   0x08003b86   0x0000000e   Code   RO         5025    i.__scatterload_copy  mc_w.l(handlers.o)
    0x08003b94   0x08003b94   0x00000002   Code   RO         5026    i.__scatterload_null  mc_w.l(handlers.o)
    0x08003b96   0x08003b96   0x0000000e   Code   RO         5027    i.__scatterload_zeroinit  mc_w.l(handlers.o)
    0x08003ba4   0x08003ba4   0x00000014   Code   RO         4821    i.atk_md0240_clear  atk_md0240.o
    0x08003bb8   0x08003bb8   0x00000010   Code   RO         4823    i.atk_md0240_display_on  atk_md0240.o
    0x08003bc8   0x08003bc8   0x00000098   Code   RO         4825    i.atk_md0240_draw_line  atk_md0240.o
    0x08003c60   0x08003c60   0x00000030   Code   RO         4826    i.atk_md0240_draw_point  atk_md0240.o
    0x08003c90   0x08003c90   0x0000007c   Code   RO         4828    i.atk_md0240_fill   atk_md0240.o
    0x08003d0c   0x08003d0c   0x00000060   Code   RO         4829    i.atk_md0240_init   atk_md0240.o
    0x08003d6c   0x08003d6c   0x00000174   Code   RO         4830    i.atk_md0240_reg_init  atk_md0240.o
    0x08003ee0   0x08003ee0   0x00000052   Code   RO         4831    i.atk_md0240_set_address  atk_md0240.o
    0x08003f32   0x08003f32   0x00000002   PAD
    0x08003f34   0x08003f34   0x000000dc   Code   RO         4832    i.atk_md0240_show_char  atk_md0240.o
    0x08004010   0x08004010   0x00000048   Code   RO         4834    i.atk_md0240_show_pic  atk_md0240.o
    0x08004058   0x08004058   0x0000007c   Code   RO         4835    i.atk_md0240_show_string  atk_md0240.o
    0x080040d4   0x080040d4   0x00000002   Code   RO         4956    i.atk_md0240_spi_init  atk_md0240_spi.o
    0x080040d6   0x080040d6   0x00000002   PAD
    0x080040d8   0x080040d8   0x00000014   Code   RO         4957    i.atk_md0240_spi_send  atk_md0240_spi.o
    0x080040ec   0x080040ec   0x0000001c   Code   RO         4837    i.atk_md0240_write_cmd  atk_md0240.o
    0x08004108   0x08004108   0x0000001c   Code   RO         4838    i.atk_md0240_write_dat  atk_md0240.o
    0x08004124   0x08004124   0x000000a4   Code   RO           20    i.draw_axes         main.o
    0x080041c8   0x080041c8   0x00000150   Code   RO           22    i.lcd_show_waveform  main.o
    0x08004318   0x08004318   0x0000016c   Code   RO           23    i.main              main.o
    0x08004484   0x08004484   0x0000002c   Code   RO           24    i.update_gpio_output  main.o
    0x080044b0   0x080044b0   0x00000038   Data   RO           34    .constdata          main.o
    0x080044e8   0x080044e8   0x0000000c   Data   RO          617    .constdata          stm32g4xx_nucleo.o
    0x080044f4   0x080044f4   0x00000018   Data   RO         4434    .constdata          stm32g4xx_hal_uart.o
    0x0800450c   0x0800450c   0x00000010   Data   RO         4785    .constdata          system_stm32g4xx.o
    0x0800451c   0x0800451c   0x00000008   Data   RO         4786    .constdata          system_stm32g4xx.o
    0x08004524   0x08004524   0x00002f80   Data   RO         4840    .constdata          atk_md0240.o
    0x080074a4   0x080074a4   0x00000020   Data   RO         5023    Region$$Table       anon$$obj.o


    Execution Region RW_IRAM1 (Exec base: 0x20000000, Load base: 0x080074c4, Size: 0x0000f7a0, Max: 0x00020000, ABSOLUTE, COMPRESSED[0x00000a20])

    Exec Addr    Load Addr    Size         Type   Attr      Idx    E Section Name        Object

    0x20000000   COMPRESSED   0x00009c4c   Data   RW           35    .data               main.o
    0x20009c4c   COMPRESSED   0x00000020   Data   RW          618    .data               stm32g4xx_nucleo.o
    0x20009c6c   COMPRESSED   0x0000000c   Data   RW         1230    .data               stm32g4xx_hal.o
    0x20009c78   COMPRESSED   0x00000004   Data   RW         4787    .data               system_stm32g4xx.o
    0x20009c7c        -       0x0000187c   Zero   RW           25    .bss                main.o
    0x2000b4f8        -       0x000000cc   Zero   RW          306    .bss                adc.o
    0x2000b5c4        -       0x00000064   Zero   RW          372    .bss                spi.o
    0x2000b628        -       0x000000e4   Zero   RW          417    .bss                tim.o
    0x2000b70c        -       0x00000094   Zero   RW          616    .bss                stm32g4xx_nucleo.o
    0x2000b7a0        -       0x00003c00   Zero   RW         4839    .bss                atk_md0240.o
    0x2000f3a0        -       0x00000400   Zero   RW            1    STACK               startup_stm32g474xx.o


==============================================================================

Image component sizes


      Code (inc. data)   RO Data    RW Data    ZI Data      Debug   Object Name

       252         28          0          0        204       1839   adc.o
      1382         62      12160          0      15360      14553   atk_md0240.o
        22          6          0          0          0       1404   atk_md0240_spi.o
        60          4          0          0          0        818   dma.o
       276         16          0          0          0       1059   gpio.o
      1152         80         56      40012       6268     915916   main.o
       184         22          0          0        100       1713   spi.o
        36          8        472          0       1024        840   startup_stm32g474xx.o
       162         24          0         12          0       4341   stm32g4xx_hal.o
      1232        114          0          0          0      76106   stm32g4xx_hal_adc.o
       198         14          0          0          0      33847   stm32g4xx_hal_cortex.o
       680         30          0          0          0       5087   stm32g4xx_hal_dma.o
        72          6          0          0          0       2663   stm32g4xx_hal_exti.o
       610         34          0          0          0       3005   stm32g4xx_hal_gpio.o
        48          6          0          0          0        874   stm32g4xx_hal_msp.o
       204         18          0          0          0       1409   stm32g4xx_hal_pwr_ex.o
      1688         92          0          0          0       6288   stm32g4xx_hal_rcc.o
       768         10          0          0          0       1976   stm32g4xx_hal_rcc_ex.o
      1112         10          0          0          0       5834   stm32g4xx_hal_spi_1.o
      3350        336          0          0          0      22281   stm32g4xx_hal_tim.o
       366         48          0          0          0       6344   stm32g4xx_hal_tim_ex.o
      1376         76         24          0          0      25649   stm32g4xx_hal_uart.o
        62         18          0          0          0       6095   stm32g4xx_it.o
       512         54         12         32        148       9982   stm32g4xx_nucleo.o
        16          4         24          4          0       1139   system_stm32g4xx.o
       876         56          0          0        228       4168   tim.o

    ----------------------------------------------------------------------
     16732       1176      12780      40060      23332    1155230   Object Totals
         0          0         32          0          0          0   (incl. Generated)
        36          0          0          0          0          0   (incl. Padding)

    ----------------------------------------------------------------------

      Code (inc. data)   RO Data    RW Data    ZI Data      Debug   Library Member Name

        94          0          0          0          0          0   __dclz77c.o
         0          0          0          0          0          0   entry.o
         0          0          0          0          0          0   entry10a.o
         0          0          0          0          0          0   entry11a.o
         4          0          0          0          0          0   entry12b.o
         8          4          0          0          0          0   entry2.o
         4          0          0          0          0          0   entry5.o
         0          0          0          0          0          0   entry7b.o
         0          0          0          0          0          0   entry8b.o
         8          4          0          0          0          0   entry9a.o
        30          0          0          0          0          0   handlers.o
        36          8          0          0          0         68   init.o
        30          0          0          0          0         68   llshl.o
        32          0          0          0          0         68   llushr.o
        36          0          0          0          0        108   memseta.o
        98          0          0          0          0         92   uldiv.o

    ----------------------------------------------------------------------
       380         16          0          0          0        404   Library Totals
         0          0          0          0          0          0   (incl. Padding)

    ----------------------------------------------------------------------

      Code (inc. data)   RO Data    RW Data    ZI Data      Debug   Library Name

       380         16          0          0          0        404   mc_w.l

    ----------------------------------------------------------------------
       380         16          0          0          0        404   Library Totals

    ----------------------------------------------------------------------

==============================================================================


      Code (inc. data)   RO Data    RW Data    ZI Data      Debug   

     17112       1192      12780      40060      23332    1141614   Grand Totals
     17112       1192      12780       2592      23332    1141614   ELF Image Totals (compressed)
     17112       1192      12780       2592          0          0   ROM Totals

==============================================================================

    Total RO  Size (Code + RO Data)                29892 (  29.19kB)
    Total RW  Size (RW Data + ZI Data)             63392 (  61.91kB)
    Total ROM Size (Code + RO Data + RW Data)      32484 (  31.72kB)

==============================================================================

